Archive member included because of file (symbol)

../external/mbed/LPC1768/GCC_ARM/libmbed.a(serial_api.o)
                              LPC176x/./lib/MODSERIAL/INIT.o (serial_irq_set)
../external/mbed/LPC1768/GCC_ARM/libmbed.a(exit.o)
                              LPC176x/./lib/MODSERIAL/INIT.o (exit)
../external/mbed/LPC1768/GCC_ARM/libmbed.a(mbed_interface.o)
                              ../external/mbed/LPC1768/GCC_ARM/libmbed.a(exit.o) (mbed_interface_connected)
../external/mbed/LPC1768/GCC_ARM/libmbed.a(pinmap_common.o)
                              ../external/mbed/LPC1768/GCC_ARM/libmbed.a(serial_api.o) (pinmap_pinout)
../external/mbed/LPC1768/GCC_ARM/libmbed.a(semihost_api.o)
                              ../external/mbed/LPC1768/GCC_ARM/libmbed.a(exit.o) (semihost_exit)
../external/mbed/LPC1768/GCC_ARM/libmbed.a(Serial.o)
                              LPC176x/./lib/MODSERIAL/MODSERIAL.o (mbed::Serial::Serial(PinName, PinName, char const*))
../external/mbed/LPC1768/GCC_ARM/libmbed.a(stdio.o)
                              ../external/mbed/LPC1768/GCC_ARM/system_LPC17xx.o (stdio_retargeting_module)
../external/mbed/LPC1768/GCC_ARM/libmbed.a(Stream.o)
                              LPC176x/./lib/MODSERIAL/MODSERIAL.o (mbed::Stream::close())
../external/mbed/LPC1768/GCC_ARM/libmbed.a(Timer.o)
                              LPC176x/./main.o (mbed::Timer::start())
../external/mbed/LPC1768/GCC_ARM/libmbed.a(board.o)
                              ../external/mbed/LPC1768/GCC_ARM/libmbed.a(exit.o) (mbed_die)
../external/mbed/LPC1768/GCC_ARM/libmbed.a(gpio_api.o)
                              ../external/mbed/LPC1768/GCC_ARM/libmbed.a(board.o) (gpio_init)
../external/mbed/LPC1768/GCC_ARM/libmbed.a(pinmap.o)
                              ../external/mbed/LPC1768/GCC_ARM/libmbed.a(pinmap_common.o) (pin_function)
../external/mbed/LPC1768/GCC_ARM/libmbed.a(semihost.o)
                              ../external/mbed/LPC1768/GCC_ARM/libmbed.a(mbed_interface.o) (semihost_connected)
../external/mbed/LPC1768/GCC_ARM/libmbed.a(us_ticker_api.o)
                              ../external/mbed/LPC1768/GCC_ARM/libmbed.a(Timer.o) (us_ticker_read)
../external/mbed/LPC1768/GCC_ARM/libmbed.a(wait_api.o)
                              ../external/mbed/LPC1768/GCC_ARM/libmbed.a(board.o) (wait_ms)
../external/mbed/LPC1768/GCC_ARM/libmbed.a(FileLike.o)
                              ../external/mbed/LPC1768/GCC_ARM/libmbed.a(Stream.o) (mbed::FileLike::~FileLike())
../external/mbed/LPC1768/GCC_ARM/libmbed.a(FilePath.o)
                              ../external/mbed/LPC1768/GCC_ARM/libmbed.a(stdio.o) (mbed::FilePath::FilePath(char const*))
../external/mbed/LPC1768/GCC_ARM/libmbed.a(FileSystemLike.o)
                              ../external/mbed/LPC1768/GCC_ARM/libmbed.a(stdio.o) (mbed::FileSystemLike::opendir())
../external/mbed/LPC1768/GCC_ARM/libmbed.a(FunctionPointer.o)
                              ../external/mbed/LPC1768/GCC_ARM/libmbed.a(Serial.o) (mbed::FunctionPointer::FunctionPointer(void (*)()))
../external/mbed/LPC1768/GCC_ARM/libmbed.a(FileBase.o)
                              ../external/mbed/LPC1768/GCC_ARM/libmbed.a(FileLike.o) (mbed::FileBase::~FileBase())
/Users/isad/MotionC/gcc-arm-none-eabi/bin/../lib/gcc/arm-none-eabi/4.7.3/../../../../arm-none-eabi/lib/armv7-m/libstdc++_s.a(atexit_arm.o)
                              LPC176x/./main.o (__aeabi_atexit)
/Users/isad/MotionC/gcc-arm-none-eabi/bin/../lib/gcc/arm-none-eabi/4.7.3/../../../../arm-none-eabi/lib/armv7-m/libstdc++_s.a(class_type_info.o)
                              LPC176x/./main.o (vtable for __cxxabiv1::__class_type_info)
/Users/isad/MotionC/gcc-arm-none-eabi/bin/../lib/gcc/arm-none-eabi/4.7.3/../../../../arm-none-eabi/lib/armv7-m/libstdc++_s.a(del_op.o)
                              LPC176x/./Kernel/Kernel.o (operator delete(void*))
/Users/isad/MotionC/gcc-arm-none-eabi/bin/../lib/gcc/arm-none-eabi/4.7.3/../../../../arm-none-eabi/lib/armv7-m/libstdc++_s.a(new_op.o)
                              LPC176x/./main.o (operator new(unsigned int))
/Users/isad/MotionC/gcc-arm-none-eabi/bin/../lib/gcc/arm-none-eabi/4.7.3/../../../../arm-none-eabi/lib/armv7-m/libstdc++_s.a(si_class_type_info.o)
                              LPC176x/./main.o (vtable for __cxxabiv1::__si_class_type_info)
/Users/isad/MotionC/gcc-arm-none-eabi/bin/../lib/gcc/arm-none-eabi/4.7.3/../../../../arm-none-eabi/lib/armv7-m/libstdc++_s.a(tinfo.o)
                              /Users/isad/MotionC/gcc-arm-none-eabi/bin/../lib/gcc/arm-none-eabi/4.7.3/../../../../arm-none-eabi/lib/armv7-m/libstdc++_s.a(class_type_info.o) (std::type_info::~type_info())
/Users/isad/MotionC/gcc-arm-none-eabi/bin/../lib/gcc/arm-none-eabi/4.7.3/../../../../arm-none-eabi/lib/armv7-m/libstdc++_s.a(vmi_class_type_info.o)
                              ../external/mbed/LPC1768/GCC_ARM/libmbed.a(FileLike.o) (vtable for __cxxabiv1::__vmi_class_type_info)
[...]
Memory Configuration

Name             Origin             Length             Attributes
FLASH            0x0000000000000000 0x0000000000080000 xr
RAM              0x00000000100000c8 0x0000000000007f38 xrw
USB_RAM          0x000000002007c000 0x0000000000004000 xrw
ETH_RAM          0x0000000020080000 0x0000000000004000 xrw
*default*        0x0000000000000000 0xffffffffffffffff

Linker script and memory map

LOAD /Users/isad/MotionC/gcc-arm-none-eabi/bin/../lib/gcc/arm-none-eabi/4.7.3/armv7-m/crti.o
LOAD /Users/isad/MotionC/gcc-arm-none-eabi/bin/../lib/gcc/arm-none-eabi/4.7.3/armv7-m/crtbegin.o
LOAD LPC176x/./main.o
LOAD LPC176x/./Kernel/Kernel.o
LOAD LPC176x/./Kernel/Module.o
LOAD LPC176x/./lib/Gcode.o
LOAD LPC176x/./lib/Hook.o
LOAD LPC176x/./lib/utils.o
LOAD LPC176x/./Module/Config/Config.o
LOAD LPC176x/./lib/MODSERIAL/FLUSH.o
LOAD LPC176x/./lib/MODSERIAL/GETC.o
LOAD LPC176x/./lib/MODSERIAL/INIT.o
LOAD LPC176x/./lib/MODSERIAL/ISR_RX.o
LOAD LPC176x/./lib/MODSERIAL/ISR_TX.o
LOAD LPC176x/./lib/MODSERIAL/MODSERIAL.o
LOAD LPC176x/./lib/MODSERIAL/MODSERIAL_IRQ_INFO.o
LOAD LPC176x/./lib/MODSERIAL/PUTC.o
LOAD LPC176x/./lib/MODSERIAL/RESIZE.o
LOAD LPC176x/./lib/rosserial/duration.o
LOAD LPC176x/./lib/rosserial/time.o
LOAD LPC176x/./Module/Config/ConfigSources/FileConfigSource.o
LOAD LPC176x/gcc4mbed.o
LOAD ../external/mbed/LPC1768/GCC_ARM/startup_LPC17xx.o
LOAD ../external/mbed/LPC1768/GCC_ARM/cmsis_nvic.o
LOAD ../external/mbed/LPC1768/GCC_ARM/core_cm3.o
LOAD ../external/mbed/LPC1768/GCC_ARM/system_LPC17xx.o
LOAD ../external/mbed/LPC1768/GCC_ARM/libmbed.a
LOAD /Users/isad/MotionC/gcc-arm-none-eabi/bin/../lib/gcc/arm-none-eabi/4.7.3/../../../../arm-none-eabi/lib/armv7-m/libstdc++_s.a
LOAD /Users/isad/MotionC/gcc-arm-none-eabi/bin/../lib/gcc/arm-none-eabi/4.7.3/../../../../arm-none-eabi/lib/armv7-m/libsupc++_s.a
LOAD /Users/isad/MotionC/gcc-arm-none-eabi/bin/../lib/gcc/arm-none-eabi/4.7.3/armv7-m/libgcc.a
LOAD /Users/isad/MotionC/gcc-arm-none-eabi/bin/../lib/gcc/arm-none-eabi/4.7.3/../../../../arm-none-eabi/lib/armv7-m/libc_s.a
LOAD /Users/isad/MotionC/gcc-arm-none-eabi/bin/../lib/gcc/arm-none-eabi/4.7.3/armv7-m/libgcc.a
LOAD /Users/isad/MotionC/gcc-arm-none-eabi/bin/../lib/gcc/arm-none-eabi/4.7.3/../../../../arm-none-eabi/lib/armv7-m/libc_s.a
LOAD /Users/isad/MotionC/gcc-arm-none-eabi/bin/../lib/gcc/arm-none-eabi/4.7.3/../../../../arm-none-eabi/lib/armv7-m/libnosys.a
LOAD /Users/isad/MotionC/gcc-arm-none-eabi/bin/../lib/gcc/arm-none-eabi/4.7.3/../../../../arm-none-eabi/lib/armv7-m/libstdc++.a
LOAD /Users/isad/MotionC/gcc-arm-none-eabi/bin/../lib/gcc/arm-none-eabi/4.7.3/../../../../arm-none-eabi/lib/armv7-m/libm.a
START GROUP
LOAD /Users/isad/MotionC/gcc-arm-none-eabi/bin/../lib/gcc/arm-none-eabi/4.7.3/armv7-m/libgcc.a
LOAD /Users/isad/MotionC/gcc-arm-none-eabi/bin/../lib/gcc/arm-none-eabi/4.7.3/../../../../arm-none-eabi/lib/armv7-m/libc.a
END GROUP
LOAD /Users/isad/MotionC/gcc-arm-none-eabi/bin/../lib/gcc/arm-none-eabi/4.7.3/armv7-m/crtend.o
LOAD /Users/isad/MotionC/gcc-arm-none-eabi/bin/../lib/gcc/arm-none-eabi/4.7.3/armv7-m/crtn.o

.text           0x0000000000000000     0x9860
 *(.isr_vector)
 .isr_vector    0x0000000000000000       0xcc ../external/mbed/LPC1768/GCC_ARM/startup_LPC17xx.o
                0x0000000000000000                __isr_vector
 *(.text*)
 .text          0x00000000000000cc       0x54 /Users/isad/MotionC/gcc-arm-none-eabi/bin/../lib/gcc/arm-none-eabi/4.7.3/armv7-m/crtbegin.o
 .text._ZNK8std_msgs4Time9serializeEPh
                0x0000000000000120       0x30 LPC176x/./main.o
                0x0000000000000120                std_msgs::Time::serialize(unsigned char*) const
 .text._ZN8std_msgs4Time11deserializeEPh
                0x0000000000000150       0x44 LPC176x/./main.o
                0x0000000000000150                std_msgs::Time::deserialize(unsigned char*)
 .text._ZN8std_msgs4Time7getTypeEv
                0x0000000000000194        0xc LPC176x/./main.o
                0x0000000000000194                std_msgs::Time::getType()
 .text._ZN8std_msgs4Time6getMD5Ev
                0x00000000000001a0        0xc LPC176x/./main.o
                0x00000000000001a0                std_msgs::Time::getMD5()
 .text._ZN14rosserial_msgs9TopicInfo7getTypeEv
                0x00000000000001ac        0xc LPC176x/./main.o
                0x00000000000001ac                rosserial_msgs::TopicInfo::getType()
 .text._ZN14rosserial_msgs9TopicInfo6getMD5Ev
                0x00000000000001b8        0xc LPC176x/./main.o
                0x00000000000001b8                rosserial_msgs::TopicInfo::getMD5()
 .text._ZN14rosserial_msgs3Log7getTypeEv
                0x00000000000001c4        0xc LPC176x/./main.o
                0x00000000000001c4                rosserial_msgs::Log::getType()
 .text._ZN14rosserial_msgs3Log6getMD5Ev
                0x00000000000001d0        0xc LPC176x/./main.o
                0x00000000000001d0                rosserial_msgs::Log::getMD5()
 .text._ZN14rosserial_msgs20RequestParamResponse7getTypeEv
                0x00000000000001dc        0xc LPC176x/./main.o
                0x00000000000001dc                rosserial_msgs::RequestParamResponse::getType()
 .text._ZN14rosserial_msgs20RequestParamResponse6getMD5Ev
                0x00000000000001e8        0xc LPC176x/./main.o
                0x00000000000001e8                rosserial_msgs::RequestParamResponse::getMD5()
 .text._ZN8std_msgs6String7getTypeEv
                0x00000000000001f4        0xc LPC176x/./main.o
                0x00000000000001f4                std_msgs::String::getType()
 .text._ZN8std_msgs6String6getMD5Ev
                0x0000000000000200        0xc LPC176x/./main.o
                0x0000000000000200                std_msgs::String::getMD5()
 .text._ZNK13geometry_msgs6Pose2D9serializeEPh
                0x000000000000020c      0x100 LPC176x/./main.o
                0x000000000000020c                geometry_msgs::Pose2D::serialize(unsigned char*) const
 .text._ZN13geometry_msgs6Pose2D11deserializeEPh
                0x000000000000030c       0xec LPC176x/./main.o
                0x000000000000030c                geometry_msgs::Pose2D::deserialize(unsigned char*)
 .text._ZN13geometry_msgs6Pose2D7getTypeEv
                0x00000000000003f8        0xc LPC176x/./main.o
                0x00000000000003f8                geometry_msgs::Pose2D::getType()
 .text._ZN13geometry_msgs6Pose2D6getMD5Ev
                0x0000000000000404        0xc LPC176x/./main.o
                0x0000000000000404                geometry_msgs::Pose2D::getMD5()
 .text._ZN3ros10SubscriberIN8std_msgs6StringEE15getEndpointTypeEv
                0x0000000000000410        0x4 LPC176x/./main.o
                0x0000000000000410                ros::Subscriber<std_msgs::String>::getEndpointType()
 .text._ZN3ros10SubscriberIN8std_msgs6StringEE10getMsgTypeEv
                0x0000000000000414        0xc LPC176x/./main.o
                0x0000000000000414                ros::Subscriber<std_msgs::String>::getMsgType()
 .text._ZN3ros10SubscriberIN8std_msgs6StringEE9getMsgMD5Ev
                0x0000000000000420        0xc LPC176x/./main.o
                0x0000000000000420                ros::Subscriber<std_msgs::String>::getMsgMD5()
 .text._ZN3ros11NodeHandle_I12MbedHardwareLi25ELi25ELi512ELi512EE9connectedEv
                0x000000000000042c        0x8 LPC176x/./main.o
                0x000000000000042c                ros::NodeHandle_<MbedHardware, 25, 25, 512, 512>::connected()
 .text._Z13getCommand_cbRKN8std_msgs6StringE
                0x0000000000000434       0x2c LPC176x/./main.o
                0x0000000000000434                getCommand_cb(std_msgs::String const&)
 .text._ZN8std_msgs6String11deserializeEPh
                0x0000000000000460       0x60 LPC176x/./main.o
                0x0000000000000460                std_msgs::String::deserialize(unsigned char*)
 .text._ZNK8std_msgs6String9serializeEPh
                0x00000000000004c0       0x30 LPC176x/./main.o
                0x00000000000004c0                std_msgs::String::serialize(unsigned char*) const
 .text._ZNK14rosserial_msgs20RequestParamResponse9serializeEPh
                0x00000000000004f0       0xfc LPC176x/./main.o
                0x00000000000004f0                rosserial_msgs::RequestParamResponse::serialize(unsigned char*) const
 .text._ZN14rosserial_msgs3Log11deserializeEPh
                0x00000000000005ec       0x68 LPC176x/./main.o
                0x00000000000005ec                rosserial_msgs::Log::deserialize(unsigned char*)
 .text._ZNK14rosserial_msgs3Log9serializeEPh
                0x0000000000000654       0x30 LPC176x/./main.o
                0x0000000000000654                rosserial_msgs::Log::serialize(unsigned char*) const
 .text._ZN14rosserial_msgs9TopicInfo11deserializeEPh
                0x0000000000000684      0x130 LPC176x/./main.o
                0x0000000000000684                rosserial_msgs::TopicInfo::deserialize(unsigned char*)
 .text._ZNK14rosserial_msgs9TopicInfo9serializeEPh
                0x00000000000007b4       0x94 LPC176x/./main.o
                0x00000000000007b4                rosserial_msgs::TopicInfo::serialize(unsigned char*) const
 .text._ZN14rosserial_msgs20RequestParamResponse11deserializeEPh
                0x0000000000000848      0x16c LPC176x/./main.o
                0x0000000000000848                rosserial_msgs::RequestParamResponse::deserialize(unsigned char*)
 .text._ZN3ros11NodeHandle_I12MbedHardwareLi25ELi25ELi512ELi512EE7publishEiPKNS_3MsgE
                0x00000000000009b4      0x114 LPC176x/./main.o
                0x00000000000009b4                ros::NodeHandle_<MbedHardware, 25, 25, 512, 512>::publish(int, ros::Msg const*)
 .text._ZN3ros11NodeHandle_I12MbedHardwareLi25ELi25ELi512ELi512EED2Ev
                0x0000000000000ac8       0x18 LPC176x/./main.o
                0x0000000000000ac8                ros::NodeHandle_<MbedHardware, 25, 25, 512, 512>::~NodeHandle_()
                0x0000000000000ac8                ros::NodeHandle_<MbedHardware, 25, 25, 512, 512>::~NodeHandle_()
 .text._ZN3ros10SubscriberIN8std_msgs6StringEE8callbackEPh
                0x0000000000000ae0       0x68 LPC176x/./main.o
                0x0000000000000ae0                ros::Subscriber<std_msgs::String>::callback(unsigned char*)
 .text._ZN3ros11NodeHandle_I12MbedHardwareLi25ELi25ELi512ELi512EE8spinOnceEv
                0x0000000000000b48      0x6b4 LPC176x/./main.o
                0x0000000000000b48                ros::NodeHandle_<MbedHardware, 25, 25, 512, 512>::spinOnce()
 .text.startup.main
                0x00000000000011fc      0x874 LPC176x/./main.o
                0x00000000000011fc                main
 .text.startup._GLOBAL__sub_I_nh
                0x0000000000001a70      0x128 LPC176x/./main.o
 .text._ZN6KernelC2Ev
                0x0000000000001b98       0x80 LPC176x/./Kernel/Kernel.o
                0x0000000000001b98                Kernel::Kernel()
                0x0000000000001b98                Kernel::Kernel()
 .text._ZN6Kernel10call_eventEj
                0x0000000000001c18       0x70 LPC176x/./Kernel/Kernel.o
                0x0000000000001c18                Kernel::call_event(unsigned int)
 .text._ZNSt6vectorIP6ModuleSaIS1_EE13_M_insert_auxEN9__gnu_cxx17__normal_iteratorIPS1_S3_EERKS1_
                0x0000000000001c88       0xd0 LPC176x/./Kernel/Kernel.o
                0x0000000000001c88                std::vector<Module*, std::allocator<Module*> >::_M_insert_aux(__gnu_cxx::__normal_iterator<Module**, std::vector<Module*, std::allocator<Module*> > >, Module* const&)
 .text._ZN6Kernel18register_for_eventEjP6Module
                0x0000000000001d58       0x30 LPC176x/./Kernel/Kernel.o
                0x0000000000001d58                Kernel::register_for_event(unsigned int, Module*)
 .text._ZN6Module16on_module_loadedEv
                0x0000000000001d88        0x4 LPC176x/./Kernel/Module.o
                0x0000000000001d88                Module::on_module_loaded()
 .text._ZN6Module12on_main_loopEPv
                0x0000000000001d8c        0x4 LPC176x/./Kernel/Module.o
                0x0000000000001d8c                Module::on_main_loop(void*)
 .text._ZN6Module24on_console_line_receivedEPv
                0x0000000000001d90        0x4 LPC176x/./Kernel/Module.o
                0x0000000000001d90                Module::on_console_line_received(void*)
 .text._ZN6Module17on_gcode_receivedEPv
                0x0000000000001d94        0x4 LPC176x/./Kernel/Module.o
                0x0000000000001d94                Module::on_gcode_received(void*)
 .text._ZN6Module18on_stepper_wake_upEPv
                0x0000000000001d98        0x4 LPC176x/./Kernel/Module.o
                0x0000000000001d98                Module::on_stepper_wake_up(void*)
 .text._ZN6Module16on_gcode_executeEPv
                0x0000000000001d9c        0x4 LPC176x/./Kernel/Module.o
                0x0000000000001d9c                Module::on_gcode_execute(void*)
 .text._ZN6Module15on_speed_changeEPv
                0x0000000000001da0        0x4 LPC176x/./Kernel/Module.o
                0x0000000000001da0                Module::on_speed_change(void*)
 .text._ZN6Module14on_block_beginEPv
                0x0000000000001da4        0x4 LPC176x/./Kernel/Module.o
                0x0000000000001da4                Module::on_block_begin(void*)
 .text._ZN6Module12on_block_endEPv
                0x0000000000001da8        0x4 LPC176x/./Kernel/Module.o
                0x0000000000001da8                Module::on_block_end(void*)
 .text._ZN6Module16on_config_reloadEPv
                0x0000000000001dac        0x4 LPC176x/./Kernel/Module.o
                0x0000000000001dac                Module::on_config_reload(void*)
 .text._ZN6Module7on_playEPv
                0x0000000000001db0        0x4 LPC176x/./Kernel/Module.o
                0x0000000000001db0                Module::on_play(void*)
 .text._ZN6Module8on_pauseEPv
                0x0000000000001db4        0x4 LPC176x/./Kernel/Module.o
                0x0000000000001db4                Module::on_pause(void*)
 .text._ZN6Module7on_idleEPv
                0x0000000000001db8        0x4 LPC176x/./Kernel/Module.o
                0x0000000000001db8                Module::on_idle(void*)
 .text._ZN6Module18register_for_eventEi
                0x0000000000001dbc        0x8 LPC176x/./Kernel/Module.o
                0x0000000000001dbc                Module::register_for_event(int)
 .text._ZN6ModuleC2Ev
                0x0000000000001dc4        0xc LPC176x/./Kernel/Module.o
                0x0000000000001dc4                Module::Module()
                0x0000000000001dc4                Module::Module()
 .text._Z12get_checksumSs
                0x0000000000001dd0       0x78 LPC176x/./lib/utils.o
                0x0000000000001dd0                get_checksum(std::string)
 .text._Z11file_existsSs
                0x0000000000001e48       0x20 LPC176x/./lib/utils.o
                0x0000000000001e48                file_exists(std::string)
 .text._ZNSt6vectorItSaItEE13_M_insert_auxEN9__gnu_cxx17__normal_iteratorIPtS1_EERKt
                0x0000000000001e68       0xcc LPC176x/./lib/utils.o
                0x0000000000001e68                std::vector<unsigned short, std::allocator<unsigned short> >::_M_insert_aux(__gnu_cxx::__normal_iterator<unsigned short*, std::vector<unsigned short, std::allocator<unsigned short> > >, unsigned short const&)
 .text._Z13get_checksumsSs
                0x0000000000001f34      0x104 LPC176x/./lib/utils.o
                0x0000000000001f34                get_checksums(std::string)
 .text._ZN6Config16on_module_loadedEv
                0x0000000000002038        0x4 LPC176x/./Module/Config/Config.o
                0x0000000000002038                Config::on_module_loaded()
 .text._ZN6Config24on_console_line_receivedEPv
                0x000000000000203c        0x4 LPC176x/./Module/Config/Config.o
                0x000000000000203c                Config::on_console_line_received(void*)
 .text._ZN6Config18config_cache_clearEv
                0x0000000000002040       0x80 LPC176x/./Module/Config/Config.o
                0x0000000000002040                Config::config_cache_clear()
 .text._ZNSt6vectorItSaItEEaSERKS1_
                0x00000000000020c0       0xcc LPC176x/./Module/Config/Config.o
                0x00000000000020c0                std::vector<unsigned short, std::allocator<unsigned short> >::operator=(std::vector<unsigned short, std::allocator<unsigned short> > const&)
 .text._ZNSt6vectorIP11ConfigValueSaIS1_EE13_M_insert_auxEN9__gnu_cxx17__normal_iteratorIPS1_S3_EERKS1_
                0x000000000000218c       0xd0 LPC176x/./Module/Config/Config.o
                0x000000000000218c                std::vector<ConfigValue*, std::allocator<ConfigValue*> >::_M_insert_aux(__gnu_cxx::__normal_iterator<ConfigValue**, std::vector<ConfigValue*, std::allocator<ConfigValue*> > >, ConfigValue* const&)
 .text._ZN6Config17config_cache_loadEv
                0x000000000000225c       0x7c LPC176x/./Module/Config/Config.o
                0x000000000000225c                Config::config_cache_load()
 .text._ZNSt6vectorIP12ConfigSourceSaIS1_EE13_M_insert_auxEN9__gnu_cxx17__normal_iteratorIPS1_S3_EERKS1_
                0x00000000000022d8       0xd0 LPC176x/./Module/Config/Config.o
                0x00000000000022d8                std::vector<ConfigSource*, std::allocator<ConfigSource*> >::_M_insert_aux(__gnu_cxx::__normal_iterator<ConfigSource**, std::vector<ConfigSource*, std::allocator<ConfigSource*> > >, ConfigSource* const&)
 .text._ZN6ConfigC2Ev
                0x00000000000023a8       0x98 LPC176x/./Module/Config/Config.o
                0x00000000000023a8                Config::Config()
                0x00000000000023a8                Config::Config()
 .text._ZN3AjK9MODSERIAL6__getcEb
                0x0000000000002440       0x8c LPC176x/./lib/MODSERIAL/GETC.o
                0x0000000000002440                AjK::MODSERIAL::__getc(bool)
 .text._ZN4mbed15FunctionPointer12membercallerIN3AjK9MODSERIALEEEvPvPc
                0x00000000000024cc       0x30 LPC176x/./lib/MODSERIAL/INIT.o
                0x00000000000024cc                void mbed::FunctionPointer::membercaller<AjK::MODSERIAL>(void*, char*)
 .text._ZN3AjK9MODSERIAL6isr_txEv
                0x00000000000024fc        0x8 LPC176x/./lib/MODSERIAL/INIT.o
                0x00000000000024fc                AjK::MODSERIAL::isr_tx()
 .text._ZN3AjK9MODSERIAL4initEii7PinName
                0x0000000000002504      0x120 LPC176x/./lib/MODSERIAL/INIT.o
                0x0000000000002504                AjK::MODSERIAL::init(int, int, PinName)
 .text._ZN3AjK9MODSERIAL6isr_rxEv
                0x0000000000002624      0x14c LPC176x/./lib/MODSERIAL/ISR_RX.o
                0x0000000000002624                AjK::MODSERIAL::isr_rx()
 .text._ZN3AjK9MODSERIAL6isr_txEb
                0x0000000000002770      0x114 LPC176x/./lib/MODSERIAL/ISR_TX.o
                0x0000000000002770                AjK::MODSERIAL::isr_tx(bool)
 .text._ZN3AjK9MODSERIAL5_getcEv
                0x0000000000002884        0x8 LPC176x/./lib/MODSERIAL/MODSERIAL.o
                0x0000000000002884                AjK::MODSERIAL::_getc()
 .text._ZN3AjK9MODSERIAL5_putcEi
                0x000000000000288c        0x8 LPC176x/./lib/MODSERIAL/MODSERIAL.o
                0x000000000000288c                AjK::MODSERIAL::_putc(int)
 .text._ZN3AjK9MODSERIALC2E7PinNameS1_PKc
                0x0000000000002894       0x94 LPC176x/./lib/MODSERIAL/MODSERIAL.o
                0x0000000000002894                AjK::MODSERIAL::MODSERIAL(PinName, PinName, char const*)
                0x0000000000002894                AjK::MODSERIAL::MODSERIAL(PinName, PinName, char const*)
 .text._ZN3AjK9MODSERIAL13rxBufferEmptyEv
                0x0000000000002928       0x10 LPC176x/./lib/MODSERIAL/MODSERIAL.o
                0x0000000000002928                AjK::MODSERIAL::rxBufferEmpty()
 .text._ZN3AjK9MODSERIAL10disableIrqEv
                0x0000000000002938       0x50 LPC176x/./lib/MODSERIAL/MODSERIAL.o
                0x0000000000002938                AjK::MODSERIAL::disableIrq()
 .text._ZN3AjK9MODSERIALD2Ev
                0x0000000000002988       0x40 LPC176x/./lib/MODSERIAL/MODSERIAL.o
                0x0000000000002988                AjK::MODSERIAL::~MODSERIAL()
                0x0000000000002988                AjK::MODSERIAL::~MODSERIAL()
 .text._ZThn4_N3AjK9MODSERIALD1Ev
                0x00000000000029c8        0x8 LPC176x/./lib/MODSERIAL/MODSERIAL.o
                0x00000000000029c8                non-virtual thunk to AjK::MODSERIAL::~MODSERIAL()
 .text._ZN3AjK9MODSERIALD0Ev
                0x00000000000029d0       0x14 LPC176x/./lib/MODSERIAL/MODSERIAL.o
                0x00000000000029d0                AjK::MODSERIAL::~MODSERIAL()
 .text._ZThn4_N3AjK9MODSERIALD0Ev
                0x00000000000029e4        0x8 LPC176x/./lib/MODSERIAL/MODSERIAL.o
                0x00000000000029e4                non-virtual thunk to AjK::MODSERIAL::~MODSERIAL()
 .text._ZN3AjK9MODSERIAL9enableIrqEv
                0x00000000000029ec       0x48 LPC176x/./lib/MODSERIAL/MODSERIAL.o
                0x00000000000029ec                AjK::MODSERIAL::enableIrq()
 .text._ZN3AjK9MODSERIAL6__putcEib
                0x0000000000002a34      0x10c LPC176x/./lib/MODSERIAL/PUTC.o
                0x0000000000002a34                AjK::MODSERIAL::__putc(int, bool)
 .text._ZN3ros16normalizeSecNSecERmS0_
                0x0000000000002b40       0x2c LPC176x/./lib/rosserial/time.o
                0x0000000000002b40                ros::normalizeSecNSec(unsigned long&, unsigned long&)
 .text._ZN16FileConfigSource8is_namedEt
                0x0000000000002b6c        0xc LPC176x/./Module/Config/ConfigSources/FileConfigSource.o
                0x0000000000002b6c                FileConfigSource::is_named(unsigned short)
 .text._ZN16FileConfigSource5writeESsSs
                0x0000000000002b78        0x4 LPC176x/./Module/Config/ConfigSources/FileConfigSource.o
                0x0000000000002b78                FileConfigSource::write(std::string, std::string)
 .text._ZN16FileConfigSourceC2ESst
                0x0000000000002b7c       0x28 LPC176x/./Module/Config/ConfigSources/FileConfigSource.o
                0x0000000000002b7c                FileConfigSource::FileConfigSource(std::string, unsigned short)
                0x0000000000002b7c                FileConfigSource::FileConfigSource(std::string, unsigned short)
 .text._ZN16FileConfigSource15has_config_fileEv
                0x0000000000002ba4       0x7c LPC176x/./Module/Config/ConfigSources/FileConfigSource.o
                0x0000000000002ba4                FileConfigSource::has_config_file()
 .text._ZN16FileConfigSource15get_config_fileEv
                0x0000000000002c20       0x30 LPC176x/./Module/Config/ConfigSources/FileConfigSource.o
                0x0000000000002c20                FileConfigSource::get_config_file()
 .text._ZN16FileConfigSource4readESt6vectorItSaItEE
                0x0000000000002c50      0x2c4 LPC176x/./Module/Config/ConfigSources/FileConfigSource.o
                0x0000000000002c50                FileConfigSource::read(std::vector<unsigned short, std::allocator<unsigned short> >)
 .text._ZN16FileConfigSource24transfer_values_to_cacheEP11ConfigCache
                0x0000000000002f14      0x418 LPC176x/./Module/Config/ConfigSources/FileConfigSource.o
                0x0000000000002f14                FileConfigSource::transfer_values_to_cache(ConfigCache*)
 .text._start   0x000000000000332c       0x2c LPC176x/gcc4mbed.o
                0x000000000000332c                _start
 .text.__wrap__isatty
                0x0000000000003358        0xc LPC176x/gcc4mbed.o
                0x0000000000003358                __wrap__isatty
 .text.abort    0x0000000000003364        0x8 LPC176x/gcc4mbed.o
                0x0000000000003364                abort
 .text.__cxa_pure_virtual
                0x000000000000336c        0x8 LPC176x/gcc4mbed.o
                0x000000000000336c                __cxa_pure_virtual
 .text          0x0000000000003374       0x90 ../external/mbed/LPC1768/GCC_ARM/startup_LPC17xx.o
                0x0000000000003374                Reset_Handler
                0x00000000000033a8                NMI_Handler
                0x00000000000033aa                HardFault_Handler
                0x00000000000033ac                MemManage_Handler
                0x00000000000033ae                BusFault_Handler
                0x00000000000033b0                UsageFault_Handler
                0x00000000000033b2                SVC_Handler
                0x00000000000033b4                DebugMon_Handler
                0x00000000000033b6                PendSV_Handler
                0x00000000000033b8                SysTick_Handler
                0x00000000000033ba                DEF_IRQHandler
                0x00000000000033ba                Default_Handler
                0x00000000000033bc                WDT_IRQHandler
                0x00000000000033be                TIMER0_IRQHandler
                0x00000000000033c0                TIMER1_IRQHandler
                0x00000000000033c2                TIMER2_IRQHandler
                0x00000000000033c4                TIMER3_IRQHandler
                0x00000000000033c6                UART0_IRQHandler
                0x00000000000033c8                UART1_IRQHandler
                0x00000000000033ca                UART2_IRQHandler
                0x00000000000033cc                UART3_IRQHandler
                0x00000000000033ce                PWM1_IRQHandler
                0x00000000000033d0                I2C0_IRQHandler
                0x00000000000033d2                I2C1_IRQHandler
                0x00000000000033d4                I2C2_IRQHandler
                0x00000000000033d6                SPI_IRQHandler
                0x00000000000033d8                SSP0_IRQHandler
                0x00000000000033da                SSP1_IRQHandler
                0x00000000000033dc                PLL0_IRQHandler
                0x00000000000033de                RTC_IRQHandler
                0x00000000000033e0                EINT0_IRQHandler
                0x00000000000033e2                EINT1_IRQHandler
                0x00000000000033e4                EINT2_IRQHandler
                0x00000000000033e6                EINT3_IRQHandler
                0x00000000000033e8                ADC_IRQHandler
                0x00000000000033ea                BOD_IRQHandler
                0x00000000000033ec                USB_IRQHandler
                0x00000000000033ee                CAN_IRQHandler
                0x00000000000033f0                DMA_IRQHandler
                0x00000000000033f2                I2S_IRQHandler
                0x00000000000033f4                ENET_IRQHandler
                0x00000000000033f6                RIT_IRQHandler
                0x00000000000033f8                MCPWM_IRQHandler
                0x00000000000033fa                QEI_IRQHandler
                0x00000000000033fc                PLL1_IRQHandler
                0x00000000000033fe                USBActivity_IRQHandler
                0x0000000000003400                CANActivity_IRQHandler
 .text.NVIC_SetVector
                0x0000000000003404       0x58 ../external/mbed/LPC1768/GCC_ARM/cmsis_nvic.o
                0x0000000000003404                NVIC_SetVector
 .text.SystemInit
                0x000000000000345c       0xdc ../external/mbed/LPC1768/GCC_ARM/system_LPC17xx.o
                0x000000000000345c                SystemInit
 .text.uart2_irq
                0x0000000000003538       0x34 ../external/mbed/LPC1768/GCC_ARM/libmbed.a(serial_api.o)
                0x0000000000003538                uart2_irq
 .text.uart3_irq
                0x000000000000356c       0x34 ../external/mbed/LPC1768/GCC_ARM/libmbed.a(serial_api.o)
                0x000000000000356c                uart3_irq
 .text.uart0_irq
                0x00000000000035a0       0x34 ../external/mbed/LPC1768/GCC_ARM/libmbed.a(serial_api.o)
                0x00000000000035a0                uart0_irq
 .text.uart1_irq
                0x00000000000035d4       0x34 ../external/mbed/LPC1768/GCC_ARM/libmbed.a(serial_api.o)
                0x00000000000035d4                uart1_irq
 .text.serial_baud
                0x0000000000003608      0x268 ../external/mbed/LPC1768/GCC_ARM/libmbed.a(serial_api.o)
                0x0000000000003608                serial_baud
 .text.serial_format
                0x0000000000003870       0x88 ../external/mbed/LPC1768/GCC_ARM/libmbed.a(serial_api.o)
                0x0000000000003870                serial_format
 .text.serial_init
                0x00000000000038f8      0x258 ../external/mbed/LPC1768/GCC_ARM/libmbed.a(serial_api.o)
                0x00000000000038f8                serial_init
 .text.serial_irq_handler
                0x0000000000003b50       0x20 ../external/mbed/LPC1768/GCC_ARM/libmbed.a(serial_api.o)
                0x0000000000003b50                serial_irq_handler
 .text.serial_irq_set
                0x0000000000003b70       0xc4 ../external/mbed/LPC1768/GCC_ARM/libmbed.a(serial_api.o)
                0x0000000000003b70                serial_irq_set
 .text.serial_getc
                0x0000000000003c34        0xc ../external/mbed/LPC1768/GCC_ARM/libmbed.a(serial_api.o)
                0x0000000000003c34                serial_getc
 .text.serial_putc
                0x0000000000003c40       0x14 ../external/mbed/LPC1768/GCC_ARM/libmbed.a(serial_api.o)
                0x0000000000003c40                serial_putc
 .text.exit     0x0000000000003c54       0x1c ../external/mbed/LPC1768/GCC_ARM/libmbed.a(exit.o)
                0x0000000000003c54                exit
 .text.mbed_interface_connected
                0x0000000000003c70        0x4 ../external/mbed/LPC1768/GCC_ARM/libmbed.a(mbed_interface.o)
                0x0000000000003c70                mbed_interface_connected
 .text.pinmap_pinout
                0x0000000000003c74       0x4c ../external/mbed/LPC1768/GCC_ARM/libmbed.a(pinmap_common.o)
                0x0000000000003c74                pinmap_pinout
 .text.pinmap_merge
                0x0000000000003cc0       0x30 ../external/mbed/LPC1768/GCC_ARM/libmbed.a(pinmap_common.o)
                0x0000000000003cc0                pinmap_merge
 .text.pinmap_peripheral
                0x0000000000003cf0       0x3c ../external/mbed/LPC1768/GCC_ARM/libmbed.a(pinmap_common.o)
                0x0000000000003cf0                pinmap_peripheral
 .text.semihost_exit
                0x0000000000003d2c       0x18 ../external/mbed/LPC1768/GCC_ARM/libmbed.a(semihost_api.o)
                0x0000000000003d2c                semihost_exit
 .text._ZN4mbed6SerialD2Ev
                0x0000000000003d44       0x20 ../external/mbed/LPC1768/GCC_ARM/libmbed.a(Serial.o)
                0x0000000000003d44                mbed::Serial::~Serial()
                0x0000000000003d44                mbed::Serial::~Serial()
 .text._ZN4mbed6SerialD1Ev
                0x0000000000003d64        0x8 ../external/mbed/LPC1768/GCC_ARM/libmbed.a(Serial.o)
                0x0000000000003d64                non-virtual thunk to mbed::Serial::~Serial()
 .text._ZN4mbed6Serial5_putcEi
                0x0000000000003d6c       0x10 ../external/mbed/LPC1768/GCC_ARM/libmbed.a(Serial.o)
                0x0000000000003d6c                mbed::Serial::_putc(int)
 .text._ZN4mbed6Serial5_getcEv
                0x0000000000003d7c        0x8 ../external/mbed/LPC1768/GCC_ARM/libmbed.a(Serial.o)
                0x0000000000003d7c                mbed::Serial::_getc()
 .text._ZN4mbed6Serial12_irq_handlerEm9SerialIrq
                0x0000000000003d84       0x10 ../external/mbed/LPC1768/GCC_ARM/libmbed.a(Serial.o)
                0x0000000000003d84                mbed::Serial::_irq_handler(unsigned long, SerialIrq)
 .text._ZN4mbed6SerialD0Ev
                0x0000000000003d94       0x2c ../external/mbed/LPC1768/GCC_ARM/libmbed.a(Serial.o)
                0x0000000000003d94                mbed::Serial::~Serial()
                0x0000000000003db8                non-virtual thunk to mbed::Serial::~Serial()
 .text._ZN4mbed6SerialC2E7PinNameS1_PKc
                0x0000000000003dc0       0x58 ../external/mbed/LPC1768/GCC_ARM/libmbed.a(Serial.o)
                0x0000000000003dc0                mbed::Serial::Serial(PinName, PinName, char const*)
                0x0000000000003dc0                mbed::Serial::Serial(PinName, PinName, char const*)
 .text._ZN4mbed6Serial4baudEi
                0x0000000000003e18        0x8 ../external/mbed/LPC1768/GCC_ARM/libmbed.a(Serial.o)
                0x0000000000003e18                mbed::Serial::baud(int)
 .text._ZN4mbed10FileHandle4flenEv
                0x0000000000003e20       0x38 ../external/mbed/LPC1768/GCC_ARM/libmbed.a(stdio.o)
                0x0000000000003e20                mbed::FileHandle::flen()
 .text._ZN4mbed10FileHandleD2Ev
                0x0000000000003e58       0x40 ../external/mbed/LPC1768/GCC_ARM/libmbed.a(stdio.o)
                0x0000000000003e58                mbed::FileHandle::~FileHandle()
                0x0000000000003e58                mbed::FileHandle::~FileHandle()
 .text._ZN4mbed10FileHandleD0Ev
                0x0000000000003e98       0x48 ../external/mbed/LPC1768/GCC_ARM/libmbed.a(stdio.o)
                0x0000000000003e98                mbed::FileHandle::~FileHandle()
 .text._ZL11init_serialv
                0x0000000000003ee0       0x44 ../external/mbed/LPC1768/GCC_ARM/libmbed.a(stdio.o)
 .text._open    0x0000000000003f24       0xd8 ../external/mbed/LPC1768/GCC_ARM/libmbed.a(stdio.o)
                0x0000000000003f24                _open
 .text._close   0x0000000000003ffc       0x2c ../external/mbed/LPC1768/GCC_ARM/libmbed.a(stdio.o)
                0x0000000000003ffc                _close
 .text._write   0x0000000000004028       0x8c ../external/mbed/LPC1768/GCC_ARM/libmbed.a(stdio.o)
                0x0000000000004028                _write
 .text._read    0x00000000000040b4       0x3c ../external/mbed/LPC1768/GCC_ARM/libmbed.a(stdio.o)
                0x00000000000040b4                _read
 .text._lseek   0x00000000000040f0       0x28 ../external/mbed/LPC1768/GCC_ARM/libmbed.a(stdio.o)
                0x00000000000040f0                _lseek
 .text._fstat   0x0000000000004118       0x20 ../external/mbed/LPC1768/GCC_ARM/libmbed.a(stdio.o)
                0x0000000000004118                _fstat
 .text._ZN4mbed6Stream5closeEv
                0x0000000000004138        0x4 ../external/mbed/LPC1768/GCC_ARM/libmbed.a(Stream.o)
                0x0000000000004138                mbed::Stream::close()
 .text._ZN4mbed6Stream5writeEPKvj
                0x000000000000413c       0x78 ../external/mbed/LPC1768/GCC_ARM/libmbed.a(Stream.o)
                0x000000000000413c                mbed::Stream::write(void const*, unsigned int)
 .text._ZN4mbed6Stream4readEPvj
                0x00000000000041b4       0x7c ../external/mbed/LPC1768/GCC_ARM/libmbed.a(Stream.o)
                0x00000000000041b4                mbed::Stream::read(void*, unsigned int)
 .text._ZN4mbed6Stream5lseekEli
                0x0000000000004230        0x4 ../external/mbed/LPC1768/GCC_ARM/libmbed.a(Stream.o)
                0x0000000000004230                mbed::Stream::lseek(long, int)
 .text._ZN4mbed6Stream6isattyEv
                0x0000000000004234        0x4 ../external/mbed/LPC1768/GCC_ARM/libmbed.a(Stream.o)
                0x0000000000004234                mbed::Stream::isatty()
 .text._ZN4mbed6Stream5fsyncEv
                0x0000000000004238        0x4 ../external/mbed/LPC1768/GCC_ARM/libmbed.a(Stream.o)
                0x0000000000004238                mbed::Stream::fsync()
 .text._ZN4mbed6Stream4flenEv
                0x000000000000423c        0x4 ../external/mbed/LPC1768/GCC_ARM/libmbed.a(Stream.o)
                0x000000000000423c                mbed::Stream::flen()
 .text._ZN4mbed6StreamD2Ev
                0x0000000000004240       0x28 ../external/mbed/LPC1768/GCC_ARM/libmbed.a(Stream.o)
                0x0000000000004240                mbed::Stream::~Stream()
                0x0000000000004240                mbed::Stream::~Stream()
 .text._ZThn4_N4mbed6StreamD1Ev
                0x0000000000004268        0x8 ../external/mbed/LPC1768/GCC_ARM/libmbed.a(Stream.o)
                0x0000000000004268                non-virtual thunk to mbed::Stream::~Stream()
 .text._ZN4mbed6StreamD0Ev
                0x0000000000004270       0x14 ../external/mbed/LPC1768/GCC_ARM/libmbed.a(Stream.o)
                0x0000000000004270                mbed::Stream::~Stream()
 .text._ZThn4_N4mbed6StreamD0Ev
                0x0000000000004284        0x8 ../external/mbed/LPC1768/GCC_ARM/libmbed.a(Stream.o)
                0x0000000000004284                non-virtual thunk to mbed::Stream::~Stream()
 .text._ZN4mbed6StreamC2EPKc
                0x000000000000428c       0x48 ../external/mbed/LPC1768/GCC_ARM/libmbed.a(Stream.o)
                0x000000000000428c                mbed::Stream::Stream(char const*)
                0x000000000000428c                mbed::Stream::Stream(char const*)
 .text._ZN4mbed6Stream4putcEi
                0x00000000000042d4       0x18 ../external/mbed/LPC1768/GCC_ARM/libmbed.a(Stream.o)
                0x00000000000042d4                mbed::Stream::putc(int)
 .text._ZN4mbed5Timer5startEv
                0x00000000000042ec       0x10 ../external/mbed/LPC1768/GCC_ARM/libmbed.a(Timer.o)
                0x00000000000042ec                mbed::Timer::start()
 .text._ZN4mbed5Timer9slicetimeEv
                0x00000000000042fc       0x18 ../external/mbed/LPC1768/GCC_ARM/libmbed.a(Timer.o)
                0x00000000000042fc                mbed::Timer::slicetime()
 .text._ZN4mbed5Timer7read_usEv
                0x0000000000004314        0xc ../external/mbed/LPC1768/GCC_ARM/libmbed.a(Timer.o)
                0x0000000000004314                mbed::Timer::read_us()
 .text._ZN4mbed5Timer7read_msEv
                0x0000000000004320       0x1c ../external/mbed/LPC1768/GCC_ARM/libmbed.a(Timer.o)
                0x0000000000004320                mbed::Timer::read_ms()
 .text._ZN4mbed5Timer5resetEv
                0x000000000000433c       0x10 ../external/mbed/LPC1768/GCC_ARM/libmbed.a(Timer.o)
                0x000000000000433c                mbed::Timer::reset()
 .text._ZN4mbed5TimerC2Ev
                0x000000000000434c        0xc ../external/mbed/LPC1768/GCC_ARM/libmbed.a(Timer.o)
                0x000000000000434c                mbed::Timer::Timer()
                0x000000000000434c                mbed::Timer::Timer()
 .text.mbed_die
                0x0000000000004358       0x84 ../external/mbed/LPC1768/GCC_ARM/libmbed.a(board.o)
                0x0000000000004358                mbed_die
 .text.gpio_set
                0x00000000000043dc       0x18 ../external/mbed/LPC1768/GCC_ARM/libmbed.a(gpio_api.o)
                0x00000000000043dc                gpio_set
 .text.gpio_dir
                0x00000000000043f4       0x24 ../external/mbed/LPC1768/GCC_ARM/libmbed.a(gpio_api.o)
                0x00000000000043f4                gpio_dir
 .text.gpio_init
                0x0000000000004418       0x58 ../external/mbed/LPC1768/GCC_ARM/libmbed.a(gpio_api.o)
                0x0000000000004418                gpio_init
 .text.pin_function
                0x0000000000004470       0x44 ../external/mbed/LPC1768/GCC_ARM/libmbed.a(pinmap.o)
                0x0000000000004470                pin_function
 .text.pin_mode
                0x00000000000044b4       0x70 ../external/mbed/LPC1768/GCC_ARM/libmbed.a(pinmap.o)
                0x00000000000044b4                pin_mode
 .text.semihost_connected
                0x0000000000004524       0x10 ../external/mbed/LPC1768/GCC_ARM/libmbed.a(semihost.o)
                0x0000000000004524                semihost_connected
 .text.us_ticker_read
                0x0000000000004534       0x60 ../external/mbed/LPC1768/GCC_ARM/libmbed.a(us_ticker_api.o)
                0x0000000000004534                us_ticker_read
 .text.wait_us  0x0000000000004594       0x18 ../external/mbed/LPC1768/GCC_ARM/libmbed.a(wait_api.o)
                0x0000000000004594                wait_us
 .text.wait_ms  0x00000000000045ac        0xc ../external/mbed/LPC1768/GCC_ARM/libmbed.a(wait_api.o)
                0x00000000000045ac                wait_ms
 .text._ZN4mbed8FileLikeD2Ev
                0x00000000000045b8       0x28 ../external/mbed/LPC1768/GCC_ARM/libmbed.a(FileLike.o)
                0x00000000000045b8                mbed::FileLike::~FileLike()
                0x00000000000045b8                mbed::FileLike::~FileLike()
 .text._ZThn4_N4mbed8FileLikeD1Ev
                0x00000000000045e0        0x8 ../external/mbed/LPC1768/GCC_ARM/libmbed.a(FileLike.o)
                0x00000000000045e0                non-virtual thunk to mbed::FileLike::~FileLike()
 .text._ZN4mbed8FileLikeD0Ev
                0x00000000000045e8       0x14 ../external/mbed/LPC1768/GCC_ARM/libmbed.a(FileLike.o)
                0x00000000000045e8                mbed::FileLike::~FileLike()
 .text._ZThn4_N4mbed8FileLikeD0Ev
                0x00000000000045fc        0x8 ../external/mbed/LPC1768/GCC_ARM/libmbed.a(FileLike.o)
                0x00000000000045fc                non-virtual thunk to mbed::FileLike::~FileLike()
 .text._ZN4mbed8FileLikeC2EPKc
                0x0000000000004604       0x2c ../external/mbed/LPC1768/GCC_ARM/libmbed.a(FileLike.o)
                0x0000000000004604                mbed::FileLike::FileLike(char const*)
                0x0000000000004604                mbed::FileLike::FileLike(char const*)
 .text._ZN4mbed8FilePathC2EPKc
                0x0000000000004630       0x64 ../external/mbed/LPC1768/GCC_ARM/libmbed.a(FilePath.o)
                0x0000000000004630                mbed::FilePath::FilePath(char const*)
                0x0000000000004630                mbed::FilePath::FilePath(char const*)
 .text._ZN4mbed8FilePath8fileNameEv
                0x0000000000004694        0x4 ../external/mbed/LPC1768/GCC_ARM/libmbed.a(FilePath.o)
                0x0000000000004694                mbed::FilePath::fileName()
 .text._ZN4mbed8FilePath12isFileSystemEv
                0x0000000000004698       0x10 ../external/mbed/LPC1768/GCC_ARM/libmbed.a(FilePath.o)
                0x0000000000004698                mbed::FilePath::isFileSystem()
 .text._ZN4mbed8FilePath10fileSystemEv
                0x00000000000046a8       0x10 ../external/mbed/LPC1768/GCC_ARM/libmbed.a(FilePath.o)
                0x00000000000046a8                mbed::FilePath::fileSystem()
 .text._ZN4mbed8FilePath6isFileEv
                0x00000000000046b8       0x14 ../external/mbed/LPC1768/GCC_ARM/libmbed.a(FilePath.o)
                0x00000000000046b8                mbed::FilePath::isFile()
 .text._ZN4mbed8FilePath4fileEv
                0x00000000000046cc       0x14 ../external/mbed/LPC1768/GCC_ARM/libmbed.a(FilePath.o)
                0x00000000000046cc                mbed::FilePath::file()
 .text._ZN4mbed15FunctionPointerC2EPFvvE
                0x00000000000046e0        0x8 ../external/mbed/LPC1768/GCC_ARM/libmbed.a(FunctionPointer.o)
                0x00000000000046e0                mbed::FunctionPointer::FunctionPointer(void (*)())
                0x00000000000046e0                mbed::FunctionPointer::FunctionPointer(void (*)())
 .text._ZN4mbed15FunctionPointer4callEv
                0x00000000000046e8       0x18 ../external/mbed/LPC1768/GCC_ARM/libmbed.a(FunctionPointer.o)
                0x00000000000046e8                mbed::FunctionPointer::call()
 .text._ZN4mbed8FileBaseD2Ev
                0x0000000000004700       0x30 ../external/mbed/LPC1768/GCC_ARM/libmbed.a(FileBase.o)
                0x0000000000004700                mbed::FileBase::~FileBase()
                0x0000000000004700                mbed::FileBase::~FileBase()
 .text._ZN4mbed8FileBaseD0Ev
                0x0000000000004730       0x3c ../external/mbed/LPC1768/GCC_ARM/libmbed.a(FileBase.o)
                0x0000000000004730                mbed::FileBase::~FileBase()
 .text._ZN4mbed8FileBaseC2EPKcNS_8PathTypeE
                0x000000000000476c       0x20 ../external/mbed/LPC1768/GCC_ARM/libmbed.a(FileBase.o)
                0x000000000000476c                mbed::FileBase::FileBase(char const*, mbed::PathType)
                0x000000000000476c                mbed::FileBase::FileBase(char const*, mbed::PathType)
 .text._ZN4mbed8FileBase6lookupEPKcj
                0x000000000000478c       0x40 ../external/mbed/LPC1768/GCC_ARM/libmbed.a(FileBase.o)
                0x000000000000478c                mbed::FileBase::lookup(char const*, unsigned int)
 .text._ZN4mbed8FileBase11getPathTypeEv
                0x00000000000047cc        0x4 ../external/mbed/LPC1768/GCC_ARM/libmbed.a(FileBase.o)
                0x00000000000047cc                mbed::FileBase::getPathType()
 .text.__aeabi_atexit
                0x00000000000047d0        0xa /Users/isad/MotionC/gcc-arm-none-eabi/bin/../lib/gcc/arm-none-eabi/4.7.3/../../../../arm-none-eabi/lib/armv7-m/libstdc++_s.a(atexit_arm.o)
                0x00000000000047d0                __aeabi_atexit
 .text._ZNK10__cxxabiv117__class_type_info11__do_upcastEPKS0_PPv
                0x00000000000047da       0x36 /Users/isad/MotionC/gcc-arm-none-eabi/bin/../lib/gcc/arm-none-eabi/4.7.3/../../../../arm-none-eabi/lib/armv7-m/libstdc++_s.a(class_type_info.o)
                0x00000000000047da                __cxxabiv1::__class_type_info::__do_upcast(__cxxabiv1::__class_type_info const*, void**) const
 .text._ZNK10__cxxabiv117__class_type_info20__do_find_public_srcEiPKvPKS0_S2_
                0x0000000000004810        0xc /Users/isad/MotionC/gcc-arm-none-eabi/bin/../lib/gcc/arm-none-eabi/4.7.3/../../../../arm-none-eabi/lib/armv7-m/libstdc++_s.a(class_type_info.o)
                0x0000000000004810                __cxxabiv1::__class_type_info::__do_find_public_src(int, void const*, __cxxabiv1::__class_type_info const*, void const*) const
 .text._ZNK10__cxxabiv117__class_type_info11__do_upcastEPKS0_PKvRNS0_15__upcast_resultE
                0x000000000000481c       0x1a /Users/isad/MotionC/gcc-arm-none-eabi/bin/../lib/gcc/arm-none-eabi/4.7.3/../../../../arm-none-eabi/lib/armv7-m/libstdc++_s.a(class_type_info.o)
                0x000000000000481c                __cxxabiv1::__class_type_info::__do_upcast(__cxxabiv1::__class_type_info const*, void const*, __cxxabiv1::__class_type_info::__upcast_result&) const
 *fill*         0x0000000000004836        0x2 00
 .text._ZN10__cxxabiv117__class_type_infoD2Ev
                0x0000000000004838       0x14 /Users/isad/MotionC/gcc-arm-none-eabi/bin/../lib/gcc/arm-none-eabi/4.7.3/../../../../arm-none-eabi/lib/armv7-m/libstdc++_s.a(class_type_info.o)
                0x0000000000004838                __cxxabiv1::__class_type_info::~__class_type_info()
                0x0000000000004838                __cxxabiv1::__class_type_info::~__class_type_info()
 .text._ZN10__cxxabiv117__class_type_infoD0Ev
                0x000000000000484c       0x12 /Users/isad/MotionC/gcc-arm-none-eabi/bin/../lib/gcc/arm-none-eabi/4.7.3/../../../../arm-none-eabi/lib/armv7-m/libstdc++_s.a(class_type_info.o)
                0x000000000000484c                __cxxabiv1::__class_type_info::~__class_type_info()
 .text._ZNK10__cxxabiv117__class_type_info12__do_dyncastEiNS0_10__sub_kindEPKS0_PKvS3_S5_RNS0_16__dyncast_resultE
                0x000000000000485e       0x38 /Users/isad/MotionC/gcc-arm-none-eabi/bin/../lib/gcc/arm-none-eabi/4.7.3/../../../../arm-none-eabi/lib/armv7-m/libstdc++_s.a(class_type_info.o)
                0x000000000000485e                __cxxabiv1::__class_type_info::__do_dyncast(int, __cxxabiv1::__class_type_info::__sub_kind, __cxxabiv1::__class_type_info const*, void const*, __cxxabiv1::__class_type_info const*, void const*, __cxxabiv1::__class_type_info::__dyncast_result&) const
 .text._ZNK10__cxxabiv117__class_type_info10__do_catchEPKSt9type_infoPPvj
                0x0000000000004896       0x26 /Users/isad/MotionC/gcc-arm-none-eabi/bin/../lib/gcc/arm-none-eabi/4.7.3/../../../../arm-none-eabi/lib/armv7-m/libstdc++_s.a(class_type_info.o)
                0x0000000000004896                __cxxabiv1::__class_type_info::__do_catch(std::type_info const*, void**, unsigned int) const
 .text._ZdlPv   0x00000000000048bc        0x8 /Users/isad/MotionC/gcc-arm-none-eabi/bin/../lib/gcc/arm-none-eabi/4.7.3/../../../../arm-none-eabi/lib/armv7-m/libstdc++_s.a(del_op.o)
                0x00000000000048bc                operator delete(void*)
 .text._Znwj    0x00000000000048c4       0x28 /Users/isad/MotionC/gcc-arm-none-eabi/bin/../lib/gcc/arm-none-eabi/4.7.3/../../../../arm-none-eabi/lib/armv7-m/libstdc++_s.a(new_op.o)
                0x00000000000048c4                operator new(unsigned int)
 .text._ZNK10__cxxabiv120__si_class_type_info12__do_dyncastEiNS_17__class_type_info10__sub_kindEPKS1_PKvS4_S6_RNS1_16__dyncast_resultE
                0x00000000000048ec       0x7c /Users/isad/MotionC/gcc-arm-none-eabi/bin/../lib/gcc/arm-none-eabi/4.7.3/../../../../arm-none-eabi/lib/armv7-m/libstdc++_s.a(si_class_type_info.o)
                0x00000000000048ec                __cxxabiv1::__si_class_type_info::__do_dyncast(int, __cxxabiv1::__class_type_info::__sub_kind, __cxxabiv1::__class_type_info const*, void const*, __cxxabiv1::__class_type_info const*, void const*, __cxxabiv1::__class_type_info::__dyncast_result&) const
 .text._ZN10__cxxabiv120__si_class_type_infoD2Ev
                0x0000000000004968       0x14 /Users/isad/MotionC/gcc-arm-none-eabi/bin/../lib/gcc/arm-none-eabi/4.7.3/../../../../arm-none-eabi/lib/armv7-m/libstdc++_s.a(si_class_type_info.o)
                0x0000000000004968                __cxxabiv1::__si_class_type_info::~__si_class_type_info()
                0x0000000000004968                __cxxabiv1::__si_class_type_info::~__si_class_type_info()
 .text._ZN10__cxxabiv120__si_class_type_infoD0Ev
                0x000000000000497c       0x12 /Users/isad/MotionC/gcc-arm-none-eabi/bin/../lib/gcc/arm-none-eabi/4.7.3/../../../../arm-none-eabi/lib/armv7-m/libstdc++_s.a(si_class_type_info.o)
                0x000000000000497c                __cxxabiv1::__si_class_type_info::~__si_class_type_info()
 .text._ZNK10__cxxabiv120__si_class_type_info11__do_upcastEPKNS_17__class_type_infoEPKvRNS1_15__upcast_resultE
                0x000000000000498e       0x24 /Users/isad/MotionC/gcc-arm-none-eabi/bin/../lib/gcc/arm-none-eabi/4.7.3/../../../../arm-none-eabi/lib/armv7-m/libstdc++_s.a(si_class_type_info.o)
                0x000000000000498e                __cxxabiv1::__si_class_type_info::__do_upcast(__cxxabiv1::__class_type_info const*, void const*, __cxxabiv1::__class_type_info::__upcast_result&) const
 .text._ZNK10__cxxabiv120__si_class_type_info20__do_find_public_srcEiPKvPKNS_17__class_type_infoES2_
                0x00000000000049b2       0x32 /Users/isad/MotionC/gcc-arm-none-eabi/bin/../lib/gcc/arm-none-eabi/4.7.3/../../../../arm-none-eabi/lib/armv7-m/libstdc++_s.a(si_class_type_info.o)
                0x00000000000049b2                __cxxabiv1::__si_class_type_info::__do_find_public_src(int, void const*, __cxxabiv1::__class_type_info const*, void const*) const
 .text._ZNSt9type_infoD2Ev
                0x00000000000049e4        0xc /Users/isad/MotionC/gcc-arm-none-eabi/bin/../lib/gcc/arm-none-eabi/4.7.3/../../../../arm-none-eabi/lib/armv7-m/libstdc++_s.a(tinfo.o)
                0x00000000000049e4                std::type_info::~type_info()
                0x00000000000049e4                std::type_info::~type_info()
 .text._ZNKSt9type_info14__is_pointer_pEv
                0x00000000000049f0        0x4 /Users/isad/MotionC/gcc-arm-none-eabi/bin/../lib/gcc/arm-none-eabi/4.7.3/../../../../arm-none-eabi/lib/armv7-m/libstdc++_s.a(tinfo.o)
                0x00000000000049f0                std::type_info::__is_pointer_p() const
 .text._ZNKSt9type_info15__is_function_pEv
                0x00000000000049f4        0x4 /Users/isad/MotionC/gcc-arm-none-eabi/bin/../lib/gcc/arm-none-eabi/4.7.3/../../../../arm-none-eabi/lib/armv7-m/libstdc++_s.a(tinfo.o)
                0x00000000000049f4                std::type_info::__is_function_p() const
 .text._ZNKSt9type_info11__do_upcastEPKN10__cxxabiv117__class_type_infoEPPv
                0x00000000000049f8        0x4 /Users/isad/MotionC/gcc-arm-none-eabi/bin/../lib/gcc/arm-none-eabi/4.7.3/../../../../arm-none-eabi/lib/armv7-m/libstdc++_s.a(tinfo.o)
                0x00000000000049f8                std::type_info::__do_upcast(__cxxabiv1::__class_type_info const*, void**) const
 .text._ZNSt9type_infoD0Ev
                0x00000000000049fc       0x14 /Users/isad/MotionC/gcc-arm-none-eabi/bin/../lib/gcc/arm-none-eabi/4.7.3/../../../../arm-none-eabi/lib/armv7-m/libstdc++_s.a(tinfo.o)
                0x00000000000049fc                std::type_info::~type_info()
 .text._ZNKSt9type_infoeqERKS_
                0x0000000000004a10       0x28 /Users/isad/MotionC/gcc-arm-none-eabi/bin/../lib/gcc/arm-none-eabi/4.7.3/../../../../arm-none-eabi/lib/armv7-m/libstdc++_s.a(tinfo.o)
                0x0000000000004a10                std::type_info::operator==(std::type_info const&) const
 .text._ZNKSt9type_info10__do_catchEPKS_PPvj
                0x0000000000004a38        0x4 /Users/isad/MotionC/gcc-arm-none-eabi/bin/../lib/gcc/arm-none-eabi/4.7.3/../../../../arm-none-eabi/lib/armv7-m/libstdc++_s.a(tinfo.o)
                0x0000000000004a38                std::type_info::__do_catch(std::type_info const*, void**, unsigned int) const
 .text._ZN10__cxxabiv121__vmi_class_type_infoD2Ev
                0x0000000000004a3c       0x14 /Users/isad/MotionC/gcc-arm-none-eabi/bin/../lib/gcc/arm-none-eabi/4.7.3/../../../../arm-none-eabi/lib/armv7-m/libstdc++_s.a(vmi_class_type_info.o)
                0x0000000000004a3c                __cxxabiv1::__vmi_class_type_info::~__vmi_class_type_info()
                0x0000000000004a3c                __cxxabiv1::__vmi_class_type_info::~__vmi_class_type_info()
 .text._ZN10__cxxabiv121__vmi_class_type_infoD0Ev
                0x0000000000004a50       0x12 /Users/isad/MotionC/gcc-arm-none-eabi/bin/../lib/gcc/arm-none-eabi/4.7.3/../../../../arm-none-eabi/lib/armv7-m/libstdc++_s.a(vmi_class_type_info.o)
                0x0000000000004a50                __cxxabiv1::__vmi_class_type_info::~__vmi_class_type_info()
 .text._ZNK10__cxxabiv121__vmi_class_type_info20__do_find_public_srcEiPKvPKNS_17__class_type_infoES2_
                0x0000000000004a62       0x72 /Users/isad/MotionC/gcc-arm-none-eabi/bin/../lib/gcc/arm-none-eabi/4.7.3/../../../../arm-none-eabi/lib/armv7-m/libstdc++_s.a(vmi_class_type_info.o)
                0x0000000000004a62                __cxxabiv1::__vmi_class_type_info::__do_find_public_src(int, void const*, __cxxabiv1::__class_type_info const*, void const*) const
 .text._ZNK10__cxxabiv121__vmi_class_type_info11__do_upcastEPKNS_17__class_type_infoEPKvRNS1_15__upcast_resultE
                0x0000000000004ad4      0x126 /Users/isad/MotionC/gcc-arm-none-eabi/bin/../lib/gcc/arm-none-eabi/4.7.3/../../../../arm-none-eabi/lib/armv7-m/libstdc++_s.a(vmi_class_type_info.o)
                0x0000000000004ad4                __cxxabiv1::__vmi_class_type_info::__do_upcast(__cxxabiv1::__class_type_info const*, void const*, __cxxabiv1::__class_type_info::__upcast_result&) const
 .text._ZNK10__cxxabiv121__vmi_class_type_info12__do_dyncastEiNS_17__class_type_info10__sub_kindEPKS1_PKvS4_S6_RNS1_16__dyncast_resultE
                0x0000000000004bfa      0x29e /Users/isad/MotionC/gcc-arm-none-eabi/bin/../lib/gcc/arm-none-eabi/4.7.3/../../../../arm-none-eabi/lib/armv7-m/libstdc++_s.a(vmi_class_type_info.o)
                0x0000000000004bfa                __cxxabiv1::__vmi_class_type_info::__do_dyncast(int, __cxxabiv1::__class_type_info::__sub_kind, __cxxabiv1::__class_type_info const*, void const*, __cxxabiv1::__class_type_info const*, void const*, __cxxabiv1::__class_type_info::__dyncast_result&) const
 .text._ZSt17__throw_bad_allocv
                0x0000000000004e98        0x6 /Users/isad/MotionC/gcc-arm-none-eabi/bin/../lib/gcc/arm-none-eabi/4.7.3/../../../../arm-none-eabi/lib/armv7-m/libstdc++_s.a(functexcept.o)
                0x0000000000004e98                std::__throw_bad_alloc()
 .text._ZSt19__throw_logic_errorPKc
                0x0000000000004e9e        0x6 /Users/isad/MotionC/gcc-arm-none-eabi/bin/../lib/gcc/arm-none-eabi/4.7.3/../../../../arm-none-eabi/lib/armv7-m/libstdc++_s.a(functexcept.o)
                0x0000000000004e9e                std::__throw_logic_error(char const*)
 .text._ZSt20__throw_length_errorPKc
                0x0000000000004ea4        0x6 /Users/isad/MotionC/gcc-arm-none-eabi/bin/../lib/gcc/arm-none-eabi/4.7.3/../../../../arm-none-eabi/lib/armv7-m/libstdc++_s.a(functexcept.o)
                0x0000000000004ea4                std::__throw_length_error(char const*)
 .text._ZSt20__throw_out_of_rangePKc
                0x0000000000004eaa        0x6 /Users/isad/MotionC/gcc-arm-none-eabi/bin/../lib/gcc/arm-none-eabi/4.7.3/../../../../arm-none-eabi/lib/armv7-m/libstdc++_s.a(functexcept.o)
                0x0000000000004eaa                std::__throw_out_of_range(char const*)
 .text._ZNKSs8_M_checkEjPKc
                0x0000000000004eb0       0x16 /Users/isad/MotionC/gcc-arm-none-eabi/bin/../lib/gcc/arm-none-eabi/4.7.3/../../../../arm-none-eabi/lib/armv7-m/libstdc++_s.a(string-inst.o)
                0x0000000000004eb0                std::string::_M_check(unsigned int, char const*) const
 *fill*         0x0000000000004ec6        0x2 00
 .text._ZNKSs15_M_check_lengthEjjPKc
                0x0000000000004ec8       0x20 /Users/isad/MotionC/gcc-arm-none-eabi/bin/../lib/gcc/arm-none-eabi/4.7.3/../../../../arm-none-eabi/lib/armv7-m/libstdc++_s.a(string-inst.o)
                0x0000000000004ec8                std::string::_M_check_length(unsigned int, unsigned int, char const*) const
 .text._ZNKSs11_M_disjunctEPKc
                0x0000000000004ee8       0x1a /Users/isad/MotionC/gcc-arm-none-eabi/bin/../lib/gcc/arm-none-eabi/4.7.3/../../../../arm-none-eabi/lib/armv7-m/libstdc++_s.a(string-inst.o)
                0x0000000000004ee8                std::string::_M_disjunct(char const*) const
 .text._ZNSs7_M_copyEPcPKcj
                0x0000000000004f02       0x16 /Users/isad/MotionC/gcc-arm-none-eabi/bin/../lib/gcc/arm-none-eabi/4.7.3/../../../../arm-none-eabi/lib/armv7-m/libstdc++_s.a(string-inst.o)
                0x0000000000004f02                std::string::_M_copy(char*, char const*, unsigned int)
 .text._ZNSs7_M_moveEPcPKcj
                0x0000000000004f18       0x16 /Users/isad/MotionC/gcc-arm-none-eabi/bin/../lib/gcc/arm-none-eabi/4.7.3/../../../../arm-none-eabi/lib/armv7-m/libstdc++_s.a(string-inst.o)
                0x0000000000004f18                std::string::_M_move(char*, char const*, unsigned int)
 .text._ZNSs13_S_copy_charsEPcS_S_
                0x0000000000004f2e        0xa /Users/isad/MotionC/gcc-arm-none-eabi/bin/../lib/gcc/arm-none-eabi/4.7.3/../../../../arm-none-eabi/lib/armv7-m/libstdc++_s.a(string-inst.o)
                0x0000000000004f2e                std::string::_S_copy_chars(char*, char*, char*)
 .text._ZNSs13_S_copy_charsEPcPKcS1_
                0x0000000000004f38        0xa /Users/isad/MotionC/gcc-arm-none-eabi/bin/../lib/gcc/arm-none-eabi/4.7.3/../../../../arm-none-eabi/lib/armv7-m/libstdc++_s.a(string-inst.o)
                0x0000000000004f38                std::string::_S_copy_chars(char*, char const*, char const*)
 .text._ZNKSs13find_first_ofEPKcjj
                0x0000000000004f42       0x32 /Users/isad/MotionC/gcc-arm-none-eabi/bin/../lib/gcc/arm-none-eabi/4.7.3/../../../../arm-none-eabi/lib/armv7-m/libstdc++_s.a(string-inst.o)
                0x0000000000004f42                std::string::find_first_of(char const*, unsigned int, unsigned int) const
 .text._ZNKSs17find_first_not_ofEPKcjj
                0x0000000000004f74       0x2e /Users/isad/MotionC/gcc-arm-none-eabi/bin/../lib/gcc/arm-none-eabi/4.7.3/../../../../arm-none-eabi/lib/armv7-m/libstdc++_s.a(string-inst.o)
                0x0000000000004f74                std::string::find_first_not_of(char const*, unsigned int, unsigned int) const
 *fill*         0x0000000000004fa2        0x2 00
 .text._ZNSs4_Rep26_M_set_length_and_sharableEj
                0x0000000000004fa4       0x18 /Users/isad/MotionC/gcc-arm-none-eabi/bin/../lib/gcc/arm-none-eabi/4.7.3/../../../../arm-none-eabi/lib/armv7-m/libstdc++_s.a(string-inst.o)
                0x0000000000004fa4                std::string::_Rep::_M_set_length_and_sharable(unsigned int)
 .text._ZNSs4_Rep9_S_createEjjRKSaIcE
                0x0000000000004fbc       0x58 /Users/isad/MotionC/gcc-arm-none-eabi/bin/../lib/gcc/arm-none-eabi/4.7.3/../../../../arm-none-eabi/lib/armv7-m/libstdc++_s.a(string-inst.o)
                0x0000000000004fbc                std::string::_Rep::_S_create(unsigned int, unsigned int, std::allocator<char> const&)
 .text._ZNSs4_Rep10_M_destroyERKSaIcE
                0x0000000000005014        0x4 /Users/isad/MotionC/gcc-arm-none-eabi/bin/../lib/gcc/arm-none-eabi/4.7.3/../../../../arm-none-eabi/lib/armv7-m/libstdc++_s.a(string-inst.o)
                0x0000000000005014                std::string::_Rep::_M_destroy(std::allocator<char> const&)
 .text._ZNSs4_Rep10_M_disposeERKSaIcE
                0x0000000000005018       0x1c /Users/isad/MotionC/gcc-arm-none-eabi/bin/../lib/gcc/arm-none-eabi/4.7.3/../../../../arm-none-eabi/lib/armv7-m/libstdc++_s.a(string-inst.o)
                0x0000000000005018                std::string::_Rep::_M_dispose(std::allocator<char> const&)
 .text._ZNSs9_M_mutateEjjj
                0x0000000000005034       0x9a /Users/isad/MotionC/gcc-arm-none-eabi/bin/../lib/gcc/arm-none-eabi/4.7.3/../../../../arm-none-eabi/lib/armv7-m/libstdc++_s.a(string-inst.o)
                0x0000000000005034                std::string::_M_mutate(unsigned int, unsigned int, unsigned int)
 *fill*         0x00000000000050ce        0x2 00
 .text._ZNSs12_M_leak_hardEv
                0x00000000000050d0       0x30 /Users/isad/MotionC/gcc-arm-none-eabi/bin/../lib/gcc/arm-none-eabi/4.7.3/../../../../arm-none-eabi/lib/armv7-m/libstdc++_s.a(string-inst.o)
                0x00000000000050d0                std::string::_M_leak_hard()
 .text._ZNSs4_Rep10_M_refcopyEv
                0x0000000000005100       0x14 /Users/isad/MotionC/gcc-arm-none-eabi/bin/../lib/gcc/arm-none-eabi/4.7.3/../../../../arm-none-eabi/lib/armv7-m/libstdc++_s.a(string-inst.o)
                0x0000000000005100                std::string::_Rep::_M_refcopy()
 .text._ZNSs4_Rep8_M_cloneERKSaIcEj
                0x0000000000005114       0x32 /Users/isad/MotionC/gcc-arm-none-eabi/bin/../lib/gcc/arm-none-eabi/4.7.3/../../../../arm-none-eabi/lib/armv7-m/libstdc++_s.a(string-inst.o)
                0x0000000000005114                std::string::_Rep::_M_clone(std::allocator<char> const&, unsigned int)
 .text._ZNSs4_Rep7_M_grabERKSaIcES2_
                0x0000000000005146       0x16 /Users/isad/MotionC/gcc-arm-none-eabi/bin/../lib/gcc/arm-none-eabi/4.7.3/../../../../arm-none-eabi/lib/armv7-m/libstdc++_s.a(string-inst.o)
                0x0000000000005146                std::string::_Rep::_M_grab(std::allocator<char> const&, std::allocator<char> const&)
 .text._ZNSs6assignERKSs
                0x000000000000515c       0x2a /Users/isad/MotionC/gcc-arm-none-eabi/bin/../lib/gcc/arm-none-eabi/4.7.3/../../../../arm-none-eabi/lib/armv7-m/libstdc++_s.a(string-inst.o)
                0x000000000000515c                std::string::assign(std::string const&)
 .text._ZNSsC2ERKSs
                0x0000000000005186       0x16 /Users/isad/MotionC/gcc-arm-none-eabi/bin/../lib/gcc/arm-none-eabi/4.7.3/../../../../arm-none-eabi/lib/armv7-m/libstdc++_s.a(string-inst.o)
                0x0000000000005186                std::basic_string<char, std::char_traits<char>, std::allocator<char> >::basic_string(std::string const&)
                0x0000000000005186                std::basic_string<char, std::char_traits<char>, std::allocator<char> >::basic_string(std::string const&)
 .text._ZNSs7reserveEj
                0x000000000000519c       0x3e /Users/isad/MotionC/gcc-arm-none-eabi/bin/../lib/gcc/arm-none-eabi/4.7.3/../../../../arm-none-eabi/lib/armv7-m/libstdc++_s.a(string-inst.o)
                0x000000000000519c                std::string::reserve(unsigned int)
 *fill*         0x00000000000051da        0x2 00
 .text._ZNSs6appendEPKcj
                0x00000000000051dc       0x74 /Users/isad/MotionC/gcc-arm-none-eabi/bin/../lib/gcc/arm-none-eabi/4.7.3/../../../../arm-none-eabi/lib/armv7-m/libstdc++_s.a(string-inst.o)
                0x00000000000051dc                std::string::append(char const*, unsigned int)
 .text._ZNSs12_S_constructIPcEES0_T_S1_RKSaIcESt20forward_iterator_tag
                0x0000000000005250       0x4c /Users/isad/MotionC/gcc-arm-none-eabi/bin/../lib/gcc/arm-none-eabi/4.7.3/../../../../arm-none-eabi/lib/armv7-m/libstdc++_s.a(string-inst.o)
                0x0000000000005250                char* std::string::_S_construct<char*>(char*, char*, std::allocator<char> const&, std::forward_iterator_tag)
 .text._ZNSsC2ERKSsjj
                0x000000000000529c       0x38 /Users/isad/MotionC/gcc-arm-none-eabi/bin/../lib/gcc/arm-none-eabi/4.7.3/../../../../arm-none-eabi/lib/armv7-m/libstdc++_s.a(string-inst.o)
                0x000000000000529c                std::basic_string<char, std::char_traits<char>, std::allocator<char> >::basic_string(std::string const&, unsigned int, unsigned int)
                0x000000000000529c                std::basic_string<char, std::char_traits<char>, std::allocator<char> >::basic_string(std::string const&, unsigned int, unsigned int)
 .text._ZNSs12_S_constructIPKcEEPcT_S3_RKSaIcESt20forward_iterator_tag
                0x00000000000052d4       0x4c /Users/isad/MotionC/gcc-arm-none-eabi/bin/../lib/gcc/arm-none-eabi/4.7.3/../../../../arm-none-eabi/lib/armv7-m/libstdc++_s.a(string-inst.o)
                0x00000000000052d4                char* std::string::_S_construct<char const*>(char const*, char const*, std::allocator<char> const&, std::forward_iterator_tag)
 .text._ZNSsC2EPKcRKSaIcE
                0x0000000000005320       0x28 /Users/isad/MotionC/gcc-arm-none-eabi/bin/../lib/gcc/arm-none-eabi/4.7.3/../../../../arm-none-eabi/lib/armv7-m/libstdc++_s.a(string-inst.o)
                0x0000000000005320                std::basic_string<char, std::char_traits<char>, std::allocator<char> >::basic_string(char const*, std::allocator<char> const&)
                0x0000000000005320                std::basic_string<char, std::char_traits<char>, std::allocator<char> >::basic_string(char const*, std::allocator<char> const&)
 .text          0x0000000000005348      0x370 /Users/isad/MotionC/gcc-arm-none-eabi/bin/../lib/gcc/arm-none-eabi/4.7.3/armv7-m/libgcc.a(_arm_addsubdf3.o)
                0x0000000000005348                __aeabi_drsub
                0x0000000000005350                __subdf3
                0x0000000000005350                __aeabi_dsub
                0x0000000000005354                __aeabi_dadd
                0x0000000000005354                __adddf3
                0x00000000000055cc                __aeabi_ui2d
                0x00000000000055cc                __floatunsidf
                0x00000000000055ec                __floatsidf
                0x00000000000055ec                __aeabi_i2d
                0x0000000000005610                __extendsfdf2
                0x0000000000005610                __aeabi_f2d
                0x000000000000564c                __aeabi_ul2d
                0x000000000000564c                __floatundidf
                0x000000000000565c                __aeabi_l2d
                0x000000000000565c                __floatdidf
 .text          0x00000000000056b8      0x424 /Users/isad/MotionC/gcc-arm-none-eabi/bin/../lib/gcc/arm-none-eabi/4.7.3/armv7-m/libgcc.a(_arm_muldivdf3.o)
                0x00000000000056b8                __aeabi_dmul
                0x00000000000056b8                __muldf3
                0x000000000000590c                __aeabi_ddiv
                0x000000000000590c                __divdf3
 .text          0x0000000000005adc      0x110 /Users/isad/MotionC/gcc-arm-none-eabi/bin/../lib/gcc/arm-none-eabi/4.7.3/armv7-m/libgcc.a(_arm_cmpdf2.o)
                0x0000000000005adc                __gtdf2
                0x0000000000005adc                __gedf2
                0x0000000000005ae4                __ltdf2
                0x0000000000005ae4                __ledf2
                0x0000000000005aec                __eqdf2
                0x0000000000005aec                __nedf2
                0x0000000000005aec                __cmpdf2
                0x0000000000005b68                __aeabi_cdrcmple
                0x0000000000005b78                __aeabi_cdcmple
                0x0000000000005b78                __aeabi_cdcmpeq
                0x0000000000005b88                __aeabi_dcmpeq
                0x0000000000005b9c                __aeabi_dcmplt
                0x0000000000005bb0                __aeabi_dcmple
                0x0000000000005bc4                __aeabi_dcmpge
                0x0000000000005bd8                __aeabi_dcmpgt
 .text          0x0000000000005bec       0xa0 /Users/isad/MotionC/gcc-arm-none-eabi/bin/../lib/gcc/arm-none-eabi/4.7.3/armv7-m/libgcc.a(_arm_truncdfsf2.o)
                0x0000000000005bec                __aeabi_d2f
                0x0000000000005bec                __truncdfsf2
 .text          0x0000000000005c8c      0x21c /Users/isad/MotionC/gcc-arm-none-eabi/bin/../lib/gcc/arm-none-eabi/4.7.3/armv7-m/libgcc.a(_arm_addsubsf3.o)
                0x0000000000005c8c                __aeabi_frsub
                0x0000000000005c94                __aeabi_fsub
                0x0000000000005c94                __subsf3
                0x0000000000005c98                __aeabi_fadd
                0x0000000000005c98                __addsf3
                0x0000000000005df8                __aeabi_ui2f
                0x0000000000005df8                __floatunsisf
                0x0000000000005e00                __floatsisf
                0x0000000000005e00                __aeabi_i2f
                0x0000000000005e1c                __aeabi_ul2f
                0x0000000000005e1c                __floatundisf
                0x0000000000005e2c                __aeabi_l2f
                0x0000000000005e2c                __floatdisf
 .text          0x0000000000005ea8      0x2a0 /Users/isad/MotionC/gcc-arm-none-eabi/bin/../lib/gcc/arm-none-eabi/4.7.3/armv7-m/libgcc.a(_arm_muldivsf3.o)
                0x0000000000005ea8                __mulsf3
                0x0000000000005ea8                __aeabi_fmul
                0x0000000000006010                __divsf3
                0x0000000000006010                __aeabi_fdiv
 .text          0x0000000000006148       0xec /Users/isad/MotionC/gcc-arm-none-eabi/bin/../lib/gcc/arm-none-eabi/4.7.3/armv7-m/libgcc.a(_arm_cmpsf2.o)
                0x0000000000006148                __gesf2
                0x0000000000006148                __gtsf2
                0x0000000000006150                __ltsf2
                0x0000000000006150                __lesf2
                0x0000000000006158                __nesf2
                0x0000000000006158                __eqsf2
                0x0000000000006158                __cmpsf2
                0x00000000000061b8                __aeabi_cfrcmple
                0x00000000000061c0                __aeabi_cfcmpeq
                0x00000000000061c0                __aeabi_cfcmple
                0x00000000000061d0                __aeabi_fcmpeq
                0x00000000000061e4                __aeabi_fcmplt
                0x00000000000061f8                __aeabi_fcmple
                0x000000000000620c                __aeabi_fcmpge
                0x0000000000006220                __aeabi_fcmpgt
 .text.__cxa_atexit
                0x0000000000006234       0x16 /Users/isad/MotionC/gcc-arm-none-eabi/bin/../lib/gcc/arm-none-eabi/4.7.3/../../../../arm-none-eabi/lib/armv7-m/libc_s.a(lib_a-cxa_atexit.o)
                0x0000000000006234                __cxa_atexit
 *fill*         0x000000000000624a        0x2 00
 .text.__errno  0x000000000000624c        0xc /Users/isad/MotionC/gcc-arm-none-eabi/bin/../lib/gcc/arm-none-eabi/4.7.3/../../../../arm-none-eabi/lib/armv7-m/libc_s.a(lib_a-errno.o)
                0x000000000000624c                __errno
 .text._fclose_r
                0x0000000000006258       0xac /Users/isad/MotionC/gcc-arm-none-eabi/bin/../lib/gcc/arm-none-eabi/4.7.3/../../../../arm-none-eabi/lib/armv7-m/libc_s.a(lib_a-fclose.o)
                0x0000000000006258                _fclose_r
 .text.fclose   0x0000000000006304       0x10 /Users/isad/MotionC/gcc-arm-none-eabi/bin/../lib/gcc/arm-none-eabi/4.7.3/../../../../arm-none-eabi/lib/armv7-m/libc_s.a(lib_a-fclose.o)
                0x0000000000006304                fclose
 .text._fflush_r
                0x0000000000006314      0x148 /Users/isad/MotionC/gcc-arm-none-eabi/bin/../lib/gcc/arm-none-eabi/4.7.3/../../../../arm-none-eabi/lib/armv7-m/libc_s.a(lib_a-fflush.o)
                0x0000000000006314                _fflush_r
 .text.fflush   0x000000000000645c       0x24 /Users/isad/MotionC/gcc-arm-none-eabi/bin/../lib/gcc/arm-none-eabi/4.7.3/../../../../arm-none-eabi/lib/armv7-m/libc_s.a(lib_a-fflush.o)
                0x000000000000645c                fflush
 .text._fgetc_r
                0x0000000000006480       0x58 /Users/isad/MotionC/gcc-arm-none-eabi/bin/../lib/gcc/arm-none-eabi/4.7.3/../../../../arm-none-eabi/lib/armv7-m/libc_s.a(lib_a-fgetc.o)
                0x0000000000006480                _fgetc_r
 .text.fgetc    0x00000000000064d8       0x10 /Users/isad/MotionC/gcc-arm-none-eabi/bin/../lib/gcc/arm-none-eabi/4.7.3/../../../../arm-none-eabi/lib/armv7-m/libc_s.a(lib_a-fgetc.o)
                0x00000000000064d8                fgetc
 .text._cleanup_r
                0x00000000000064e8       0x32 /Users/isad/MotionC/gcc-arm-none-eabi/bin/../lib/gcc/arm-none-eabi/4.7.3/../../../../arm-none-eabi/lib/armv7-m/libc_s.a(lib_a-findfp.o)
                0x00000000000064e8                _cleanup_r
 *fill*         0x000000000000651a        0x2 00
 .text.std.isra.0
                0x000000000000651c       0x48 /Users/isad/MotionC/gcc-arm-none-eabi/bin/../lib/gcc/arm-none-eabi/4.7.3/../../../../arm-none-eabi/lib/armv7-m/libc_s.a(lib_a-findfp.o)
 .text.__sfmoreglue
                0x0000000000006564       0x2a /Users/isad/MotionC/gcc-arm-none-eabi/bin/../lib/gcc/arm-none-eabi/4.7.3/../../../../arm-none-eabi/lib/armv7-m/libc_s.a(lib_a-findfp.o)
                0x0000000000006564                __sfmoreglue
 *fill*         0x000000000000658e        0x2 00
 .text.__sinit  0x0000000000006590       0x58 /Users/isad/MotionC/gcc-arm-none-eabi/bin/../lib/gcc/arm-none-eabi/4.7.3/../../../../arm-none-eabi/lib/armv7-m/libc_s.a(lib_a-findfp.o)
                0x0000000000006590                __sinit
 .text.__sfp    0x00000000000065e8       0x78 /Users/isad/MotionC/gcc-arm-none-eabi/bin/../lib/gcc/arm-none-eabi/4.7.3/../../../../arm-none-eabi/lib/armv7-m/libc_s.a(lib_a-findfp.o)
                0x00000000000065e8                __sfp
 .text.__sfp_lock_acquire
                0x0000000000006660        0x2 /Users/isad/MotionC/gcc-arm-none-eabi/bin/../lib/gcc/arm-none-eabi/4.7.3/../../../../arm-none-eabi/lib/armv7-m/libc_s.a(lib_a-findfp.o)
                0x0000000000006660                __sfp_lock_acquire
 .text.__sfp_lock_release
                0x0000000000006662        0x2 /Users/isad/MotionC/gcc-arm-none-eabi/bin/../lib/gcc/arm-none-eabi/4.7.3/../../../../arm-none-eabi/lib/armv7-m/libc_s.a(lib_a-findfp.o)
                0x0000000000006662                __sfp_lock_release
 .text._fopen_r
                0x0000000000006664       0x80 /Users/isad/MotionC/gcc-arm-none-eabi/bin/../lib/gcc/arm-none-eabi/4.7.3/../../../../arm-none-eabi/lib/armv7-m/libc_s.a(lib_a-fopen.o)
                0x0000000000006664                _fopen_r
 .text.fopen    0x00000000000066e4       0x14 /Users/isad/MotionC/gcc-arm-none-eabi/bin/../lib/gcc/arm-none-eabi/4.7.3/../../../../arm-none-eabi/lib/armv7-m/libc_s.a(lib_a-fopen.o)
                0x00000000000066e4                fopen
 .text.fprintf  0x00000000000066f8       0x24 /Users/isad/MotionC/gcc-arm-none-eabi/bin/../lib/gcc/arm-none-eabi/4.7.3/../../../../arm-none-eabi/lib/armv7-m/libc_s.a(lib_a-fprintf.o)
                0x00000000000066f8                fprintf
                0x00000000000066f8                fiprintf
 .text._fputc_r
                0x000000000000671c       0x48 /Users/isad/MotionC/gcc-arm-none-eabi/bin/../lib/gcc/arm-none-eabi/4.7.3/../../../../arm-none-eabi/lib/armv7-m/libc_s.a(lib_a-fputc.o)
                0x000000000000671c                _fputc_r
 .text.fputc    0x0000000000006764       0x14 /Users/isad/MotionC/gcc-arm-none-eabi/bin/../lib/gcc/arm-none-eabi/4.7.3/../../../../arm-none-eabi/lib/armv7-m/libc_s.a(lib_a-fputc.o)
                0x0000000000006764                fputc
 .text._free_r  0x0000000000006778       0x88 /Users/isad/MotionC/gcc-arm-none-eabi/bin/../lib/gcc/arm-none-eabi/4.7.3/../../../../arm-none-eabi/lib/armv7-m/libc_s.a(lib_a-freer.o)
                0x0000000000006778                _free_r
 .text._fseek_r
                0x0000000000006800      0x130 /Users/isad/MotionC/gcc-arm-none-eabi/bin/../lib/gcc/arm-none-eabi/4.7.3/../../../../arm-none-eabi/lib/armv7-m/libc_s.a(lib_a-fseek.o)
                0x0000000000006800                _fseek_r
 .text.__sfvwrite_r
                0x0000000000006930      0x2b6 /Users/isad/MotionC/gcc-arm-none-eabi/bin/../lib/gcc/arm-none-eabi/4.7.3/../../../../arm-none-eabi/lib/armv7-m/libc_s.a(lib_a-fvwrite.o)
                0x0000000000006930                __sfvwrite_r
 .text._fwalk   0x0000000000006be6       0x40 /Users/isad/MotionC/gcc-arm-none-eabi/bin/../lib/gcc/arm-none-eabi/4.7.3/../../../../arm-none-eabi/lib/armv7-m/libc_s.a(lib_a-fwalk.o)
                0x0000000000006be6                _fwalk
 .text._fwalk_reent
                0x0000000000006c26       0x44 /Users/isad/MotionC/gcc-arm-none-eabi/bin/../lib/gcc/arm-none-eabi/4.7.3/../../../../arm-none-eabi/lib/armv7-m/libc_s.a(lib_a-fwalk.o)
                0x0000000000006c26                _fwalk_reent
 *fill*         0x0000000000006c6a        0x2 00
 .text._fwrite_r
                0x0000000000006c6c       0x70 /Users/isad/MotionC/gcc-arm-none-eabi/bin/../lib/gcc/arm-none-eabi/4.7.3/../../../../arm-none-eabi/lib/armv7-m/libc_s.a(lib_a-fwrite.o)
                0x0000000000006c6c                _fwrite_r
 .text.fwrite   0x0000000000006cdc       0x20 /Users/isad/MotionC/gcc-arm-none-eabi/bin/../lib/gcc/arm-none-eabi/4.7.3/../../../../arm-none-eabi/lib/armv7-m/libc_s.a(lib_a-fwrite.o)
                0x0000000000006cdc                fwrite
 .text.__libc_init_array
                0x0000000000006cfc       0x4c /Users/isad/MotionC/gcc-arm-none-eabi/bin/../lib/gcc/arm-none-eabi/4.7.3/../../../../arm-none-eabi/lib/armv7-m/libc_s.a(lib_a-init.o)
                0x0000000000006cfc                __libc_init_array
 .text.__smakebuf_r
                0x0000000000006d48       0xa8 /Users/isad/MotionC/gcc-arm-none-eabi/bin/../lib/gcc/arm-none-eabi/4.7.3/../../../../arm-none-eabi/lib/armv7-m/libc_s.a(lib_a-makebuf.o)
                0x0000000000006d48                __smakebuf_r
 .text.malloc   0x0000000000006df0       0x10 /Users/isad/MotionC/gcc-arm-none-eabi/bin/../lib/gcc/arm-none-eabi/4.7.3/../../../../arm-none-eabi/lib/armv7-m/libc_s.a(lib_a-malloc.o)
                0x0000000000006df0                malloc
 .text.free     0x0000000000006e00       0x10 /Users/isad/MotionC/gcc-arm-none-eabi/bin/../lib/gcc/arm-none-eabi/4.7.3/../../../../arm-none-eabi/lib/armv7-m/libc_s.a(lib_a-malloc.o)
                0x0000000000006e00                free
 .text._malloc_r
                0x0000000000006e10       0x94 /Users/isad/MotionC/gcc-arm-none-eabi/bin/../lib/gcc/arm-none-eabi/4.7.3/../../../../arm-none-eabi/lib/armv7-m/libc_s.a(lib_a-mallocr.o)
                0x0000000000006e10                _malloc_r
 .text.memchr   0x0000000000006ea4       0x1c /Users/isad/MotionC/gcc-arm-none-eabi/bin/../lib/gcc/arm-none-eabi/4.7.3/../../../../arm-none-eabi/lib/armv7-m/libc_s.a(lib_a-memchr.o)
                0x0000000000006ea4                memchr
 .text.memcmp   0x0000000000006ec0       0x1e /Users/isad/MotionC/gcc-arm-none-eabi/bin/../lib/gcc/arm-none-eabi/4.7.3/../../../../arm-none-eabi/lib/armv7-m/libc_s.a(lib_a-memcmp.o)
                0x0000000000006ec0                memcmp
 .text.memcpy   0x0000000000006ede       0x12 /Users/isad/MotionC/gcc-arm-none-eabi/bin/../lib/gcc/arm-none-eabi/4.7.3/../../../../arm-none-eabi/lib/armv7-m/libc_s.a(lib_a-memcpy.o)
                0x0000000000006ede                memcpy
 .text.memmove  0x0000000000006ef0       0x34 /Users/isad/MotionC/gcc-arm-none-eabi/bin/../lib/gcc/arm-none-eabi/4.7.3/../../../../arm-none-eabi/lib/armv7-m/libc_s.a(lib_a-memmove.o)
                0x0000000000006ef0                memmove
 .text.memset   0x0000000000006f24       0x10 /Users/isad/MotionC/gcc-arm-none-eabi/bin/../lib/gcc/arm-none-eabi/4.7.3/../../../../arm-none-eabi/lib/armv7-m/libc_s.a(lib_a-memset.o)
                0x0000000000006f24                memset
 .text._open_r  0x0000000000006f34       0x24 /Users/isad/MotionC/gcc-arm-none-eabi/bin/../lib/gcc/arm-none-eabi/4.7.3/../../../../arm-none-eabi/lib/armv7-m/libc_s.a(lib_a-openr.o)
                0x0000000000006f34                _open_r
 .text._putc_r  0x0000000000006f58       0x7c /Users/isad/MotionC/gcc-arm-none-eabi/bin/../lib/gcc/arm-none-eabi/4.7.3/../../../../arm-none-eabi/lib/armv7-m/libc_s.a(lib_a-putc.o)
                0x0000000000006f58                _putc_r
 .text.puts     0x0000000000006fd4       0x3c /Users/isad/MotionC/gcc-arm-none-eabi/bin/../lib/gcc/arm-none-eabi/4.7.3/../../../../arm-none-eabi/lib/armv7-m/libc_s.a(lib_a-puts.o)
                0x0000000000006fd4                puts
 .text.realloc  0x0000000000007010       0x14 /Users/isad/MotionC/gcc-arm-none-eabi/bin/../lib/gcc/arm-none-eabi/4.7.3/../../../../arm-none-eabi/lib/armv7-m/libc_s.a(lib_a-realloc.o)
                0x0000000000007010                realloc
 .text._realloc_r
                0x0000000000007024       0x48 /Users/isad/MotionC/gcc-arm-none-eabi/bin/../lib/gcc/arm-none-eabi/4.7.3/../../../../arm-none-eabi/lib/armv7-m/libc_s.a(lib_a-reallocr.o)
                0x0000000000007024                _realloc_r
 .text.lflush   0x000000000000706c       0x12 /Users/isad/MotionC/gcc-arm-none-eabi/bin/../lib/gcc/arm-none-eabi/4.7.3/../../../../arm-none-eabi/lib/armv7-m/libc_s.a(lib_a-refill.o)
 *fill*         0x000000000000707e        0x2 00
 .text.__srefill_r
                0x0000000000007080      0x100 /Users/isad/MotionC/gcc-arm-none-eabi/bin/../lib/gcc/arm-none-eabi/4.7.3/../../../../arm-none-eabi/lib/armv7-m/libc_s.a(lib_a-refill.o)
                0x0000000000007080                __srefill_r
 .text.__srget_r
                0x0000000000007180       0x58 /Users/isad/MotionC/gcc-arm-none-eabi/bin/../lib/gcc/arm-none-eabi/4.7.3/../../../../arm-none-eabi/lib/armv7-m/libc_s.a(lib_a-rget.o)
                0x0000000000007180                __srget_r
 .text._sbrk_r  0x00000000000071d8       0x20 /Users/isad/MotionC/gcc-arm-none-eabi/bin/../lib/gcc/arm-none-eabi/4.7.3/../../../../arm-none-eabi/lib/armv7-m/libc_s.a(lib_a-sbrkr.o)
                0x00000000000071d8                _sbrk_r
 .text.setbuf   0x00000000000071f8       0x10 /Users/isad/MotionC/gcc-arm-none-eabi/bin/../lib/gcc/arm-none-eabi/4.7.3/../../../../arm-none-eabi/lib/armv7-m/libc_s.a(lib_a-setbuf.o)
                0x00000000000071f8                setbuf
 .text.setvbuf  0x0000000000007208      0x124 /Users/isad/MotionC/gcc-arm-none-eabi/bin/../lib/gcc/arm-none-eabi/4.7.3/../../../../arm-none-eabi/lib/armv7-m/libc_s.a(lib_a-setvbuf.o)
                0x0000000000007208                setvbuf
 .text.sprintf  0x000000000000732c       0x48 /Users/isad/MotionC/gcc-arm-none-eabi/bin/../lib/gcc/arm-none-eabi/4.7.3/../../../../arm-none-eabi/lib/armv7-m/libc_s.a(lib_a-sprintf.o)
                0x000000000000732c                sprintf
                0x000000000000732c                siprintf
 .text.sscanf   0x0000000000007374       0x54 /Users/isad/MotionC/gcc-arm-none-eabi/bin/../lib/gcc/arm-none-eabi/4.7.3/../../../../arm-none-eabi/lib/armv7-m/libc_s.a(lib_a-sscanf.o)
                0x0000000000007374                sscanf
                0x0000000000007374                siscanf
 .text.__sread  0x00000000000073c8       0x22 /Users/isad/MotionC/gcc-arm-none-eabi/bin/../lib/gcc/arm-none-eabi/4.7.3/../../../../arm-none-eabi/lib/armv7-m/libc_s.a(lib_a-stdio.o)
                0x00000000000073c8                __sread
 .text.__seofread
                0x00000000000073ea        0x4 /Users/isad/MotionC/gcc-arm-none-eabi/bin/../lib/gcc/arm-none-eabi/4.7.3/../../../../arm-none-eabi/lib/armv7-m/libc_s.a(lib_a-stdio.o)
                0x00000000000073ea                __seofread
 .text.__swrite
                0x00000000000073ee       0x3c /Users/isad/MotionC/gcc-arm-none-eabi/bin/../lib/gcc/arm-none-eabi/4.7.3/../../../../arm-none-eabi/lib/armv7-m/libc_s.a(lib_a-stdio.o)
                0x00000000000073ee                __swrite
 .text.__sseek  0x000000000000742a       0x24 /Users/isad/MotionC/gcc-arm-none-eabi/bin/../lib/gcc/arm-none-eabi/4.7.3/../../../../arm-none-eabi/lib/armv7-m/libc_s.a(lib_a-stdio.o)
                0x000000000000742a                __sseek
 .text.__sclose
                0x000000000000744e        0x8 /Users/isad/MotionC/gcc-arm-none-eabi/bin/../lib/gcc/arm-none-eabi/4.7.3/../../../../arm-none-eabi/lib/armv7-m/libc_s.a(lib_a-stdio.o)
                0x000000000000744e                __sclose
 .text.strcmp   0x0000000000007456       0x16 /Users/isad/MotionC/gcc-arm-none-eabi/bin/../lib/gcc/arm-none-eabi/4.7.3/../../../../arm-none-eabi/lib/armv7-m/libc_s.a(lib_a-strcmp.o)
                0x0000000000007456                strcmp
 .text.strlen   0x000000000000746c       0x10 /Users/isad/MotionC/gcc-arm-none-eabi/bin/../lib/gcc/arm-none-eabi/4.7.3/../../../../arm-none-eabi/lib/armv7-m/libc_s.a(lib_a-strlen.o)
                0x000000000000746c                strlen
 .text.strncmp  0x000000000000747c       0x2e /Users/isad/MotionC/gcc-arm-none-eabi/bin/../lib/gcc/arm-none-eabi/4.7.3/../../../../arm-none-eabi/lib/armv7-m/libc_s.a(lib_a-strncmp.o)
                0x000000000000747c                strncmp
 .text.__ssputc_r
                0x00000000000074aa       0xae /Users/isad/MotionC/gcc-arm-none-eabi/bin/../lib/gcc/arm-none-eabi/4.7.3/../../../../arm-none-eabi/lib/armv7-m/libc_s.a(lib_a-svfprintf.o)
                0x00000000000074aa                __ssputc_r
 .text._svfprintf_r
                0x0000000000007558      0x1f4 /Users/isad/MotionC/gcc-arm-none-eabi/bin/../lib/gcc/arm-none-eabi/4.7.3/../../../../arm-none-eabi/lib/armv7-m/libc_s.a(lib_a-svfprintf.o)
                0x0000000000007558                _svfprintf_r
                0x0000000000007558                _svfiprintf_r
 .text._sungetc_r
                0x000000000000774c       0x7a /Users/isad/MotionC/gcc-arm-none-eabi/bin/../lib/gcc/arm-none-eabi/4.7.3/../../../../arm-none-eabi/lib/armv7-m/libc_s.a(lib_a-svfscanf.o)
                0x000000000000774c                _sungetc_r
 .text.__ssrefill_r
                0x00000000000077c6       0x3a /Users/isad/MotionC/gcc-arm-none-eabi/bin/../lib/gcc/arm-none-eabi/4.7.3/../../../../arm-none-eabi/lib/armv7-m/libc_s.a(lib_a-svfscanf.o)
                0x00000000000077c6                __ssrefill_r
 .text.__ssvfscanf_r
                0x0000000000007800      0x2d0 /Users/isad/MotionC/gcc-arm-none-eabi/bin/../lib/gcc/arm-none-eabi/4.7.3/../../../../arm-none-eabi/lib/armv7-m/libc_s.a(lib_a-svfscanf.o)
                0x0000000000007800                __ssvfscanf_r
                0x0000000000007800                __ssvfiscanf_r
 .text.__submore
                0x0000000000007ad0       0x76 /Users/isad/MotionC/gcc-arm-none-eabi/bin/../lib/gcc/arm-none-eabi/4.7.3/../../../../arm-none-eabi/lib/armv7-m/libc_s.a(lib_a-ungetc.o)
                0x0000000000007ad0                __submore
 .text.__sfputc_r
                0x0000000000007b46       0x2c /Users/isad/MotionC/gcc-arm-none-eabi/bin/../lib/gcc/arm-none-eabi/4.7.3/../../../../arm-none-eabi/lib/armv7-m/libc_s.a(lib_a-vfprintf.o)
                0x0000000000007b46                __sfputc_r
 *fill*         0x0000000000007b72        0x2 00
 .text._vfprintf_r
                0x0000000000007b74      0x22c /Users/isad/MotionC/gcc-arm-none-eabi/bin/../lib/gcc/arm-none-eabi/4.7.3/../../../../arm-none-eabi/lib/armv7-m/libc_s.a(lib_a-vfprintf.o)
                0x0000000000007b74                _vfiprintf_r
                0x0000000000007b74                _vfprintf_r
 .text._printf_common
                0x0000000000007da0       0xde /Users/isad/MotionC/gcc-arm-none-eabi/bin/../lib/gcc/arm-none-eabi/4.7.3/../../../../arm-none-eabi/lib/armv7-m/libc_s.a(lib_a-vfprintf_i.o)
                0x0000000000007da0                _printf_common
 *fill*         0x0000000000007e7e        0x2 00
 .text._printf_i
                0x0000000000007e80      0x248 /Users/isad/MotionC/gcc-arm-none-eabi/bin/../lib/gcc/arm-none-eabi/4.7.3/../../../../arm-none-eabi/lib/armv7-m/libc_s.a(lib_a-vfprintf_i.o)
                0x0000000000007e80                _printf_i
 .text._scanf_chars
                0x00000000000080c8       0xcc /Users/isad/MotionC/gcc-arm-none-eabi/bin/../lib/gcc/arm-none-eabi/4.7.3/../../../../arm-none-eabi/lib/armv7-m/libc_s.a(lib_a-vfscanf_i.o)
                0x00000000000080c8                _scanf_chars
 .text._scanf_i
                0x0000000000008194      0x1e4 /Users/isad/MotionC/gcc-arm-none-eabi/bin/../lib/gcc/arm-none-eabi/4.7.3/../../../../arm-none-eabi/lib/armv7-m/libc_s.a(lib_a-vfscanf_i.o)
                0x0000000000008194                _scanf_i
 .text.__swbuf_r
                0x0000000000008378       0xb4 /Users/isad/MotionC/gcc-arm-none-eabi/bin/../lib/gcc/arm-none-eabi/4.7.3/../../../../arm-none-eabi/lib/armv7-m/libc_s.a(lib_a-wbuf.o)
                0x0000000000008378                __swbuf_r
 .text._write_r
                0x000000000000842c       0x24 /Users/isad/MotionC/gcc-arm-none-eabi/bin/../lib/gcc/arm-none-eabi/4.7.3/../../../../arm-none-eabi/lib/armv7-m/libc_s.a(lib_a-writer.o)
                0x000000000000842c                _write_r
 .text.__swsetup_r
                0x0000000000008450       0xec /Users/isad/MotionC/gcc-arm-none-eabi/bin/../lib/gcc/arm-none-eabi/4.7.3/../../../../arm-none-eabi/lib/armv7-m/libc_s.a(lib_a-wsetup.o)
                0x0000000000008450                __swsetup_r
 .text.__do_register_exitproc
                0x000000000000853c       0x7c /Users/isad/MotionC/gcc-arm-none-eabi/bin/../lib/gcc/arm-none-eabi/4.7.3/../../../../arm-none-eabi/lib/armv7-m/libc_s.a(lib_a-__atexit.o)
                0x000000000000853c                __do_register_exitproc
 .text._close_r
                0x00000000000085b8       0x20 /Users/isad/MotionC/gcc-arm-none-eabi/bin/../lib/gcc/arm-none-eabi/4.7.3/../../../../arm-none-eabi/lib/armv7-m/libc_s.a(lib_a-closer.o)
                0x00000000000085b8                _close_r
 .text.__sflags
                0x00000000000085d8       0x62 /Users/isad/MotionC/gcc-arm-none-eabi/bin/../lib/gcc/arm-none-eabi/4.7.3/../../../../arm-none-eabi/lib/armv7-m/libc_s.a(lib_a-flags.o)
                0x00000000000085d8                __sflags
 *fill*         0x000000000000863a        0x2 00
 .text._fstat_r
                0x000000000000863c       0x24 /Users/isad/MotionC/gcc-arm-none-eabi/bin/../lib/gcc/arm-none-eabi/4.7.3/../../../../arm-none-eabi/lib/armv7-m/libc_s.a(lib_a-fstatr.o)
                0x000000000000863c                _fstat_r
 .text._isatty_r
                0x0000000000008660       0x20 /Users/isad/MotionC/gcc-arm-none-eabi/bin/../lib/gcc/arm-none-eabi/4.7.3/../../../../arm-none-eabi/lib/armv7-m/libc_s.a(lib_a-isattyr.o)
                0x0000000000008660                _isatty_r
 .text._lseek_r
                0x0000000000008680       0x24 /Users/isad/MotionC/gcc-arm-none-eabi/bin/../lib/gcc/arm-none-eabi/4.7.3/../../../../arm-none-eabi/lib/armv7-m/libc_s.a(lib_a-lseekr.o)
                0x0000000000008680                _lseek_r
 .text._malloc_usable_size_r
                0x00000000000086a4       0x12 /Users/isad/MotionC/gcc-arm-none-eabi/bin/../lib/gcc/arm-none-eabi/4.7.3/../../../../arm-none-eabi/lib/armv7-m/libc_s.a(lib_a-msizer.o)
                0x00000000000086a4                _malloc_usable_size_r
 *fill*         0x00000000000086b6        0x2 00
 .text._read_r  0x00000000000086b8       0x24 /Users/isad/MotionC/gcc-arm-none-eabi/bin/../lib/gcc/arm-none-eabi/4.7.3/../../../../arm-none-eabi/lib/armv7-m/libc_s.a(lib_a-readr.o)
                0x00000000000086b8                _read_r
 .text.__sccl   0x00000000000086dc       0x60 /Users/isad/MotionC/gcc-arm-none-eabi/bin/../lib/gcc/arm-none-eabi/4.7.3/../../../../arm-none-eabi/lib/armv7-m/libc_s.a(lib_a-sccl.o)
                0x00000000000086dc                __sccl
 .text._strtol_r
                0x000000000000873c      0x10c /Users/isad/MotionC/gcc-arm-none-eabi/bin/../lib/gcc/arm-none-eabi/4.7.3/../../../../arm-none-eabi/lib/armv7-m/libc_s.a(lib_a-strtol.o)
                0x000000000000873c                _strtol_r
 .text._strtoul_r
                0x0000000000008848       0xfc /Users/isad/MotionC/gcc-arm-none-eabi/bin/../lib/gcc/arm-none-eabi/4.7.3/../../../../arm-none-eabi/lib/armv7-m/libc_s.a(lib_a-strtoul.o)
                0x0000000000008848                _strtoul_r
 .text._isatty  0x0000000000008944       0x10 /Users/isad/MotionC/gcc-arm-none-eabi/bin/../lib/gcc/arm-none-eabi/4.7.3/../../../../arm-none-eabi/lib/armv7-m/libnosys.a(isatty.o)
                0x0000000000008944                _isatty
 .text._sbrk    0x0000000000008954       0x20 /Users/isad/MotionC/gcc-arm-none-eabi/bin/../lib/gcc/arm-none-eabi/4.7.3/../../../../arm-none-eabi/lib/armv7-m/libnosys.a(sbrk.o)
                0x0000000000008954                _sbrk
 .text.fabs     0x0000000000008974        0x8 /Users/isad/MotionC/gcc-arm-none-eabi/bin/../lib/gcc/arm-none-eabi/4.7.3/../../../../arm-none-eabi/lib/armv7-m/libm.a(lib_a-s_fabs.o)
                0x0000000000008974                fabs
 *(.init)